Component: ARM Compiler 5.05 update 1 (build 106) Tool: armlink [4d0efa]

==============================================================================

Section Cross References

    system_stm32f4xx.o(.text) refers to system_stm32f4xx.o(.data) for SystemCoreClock
    main.o(.text) refers to _printf_percent.o(.ARM.Collect$$_printf_percent$$00000000) for _printf_percent
    main.o(.text) refers to _printf_f.o(.ARM.Collect$$_printf_percent$$00000003) for _printf_f
    main.o(.text) refers to printf1.o(x$fpl$printf1) for _printf_fp_dec
    main.o(.text) refers to delay.o(.text) for delay_ms
    main.o(.text) refers to stm32f4xx_dma.o(.text) for DMA_Cmd
    main.o(.text) refers to lcd.o(.text) for LCD_SetCursor
    main.o(.text) refers to stm32f4xx_dcmi.o(.text) for DCMI_CaptureCmd
    main.o(.text) refers to dcmi.o(.text) for My_DCMI_Init
    main.o(.text) refers to ov2640.o(.text) for OV2640_OutSize_Set
    main.o(.text) refers to car.o(.text) for Gohead
    main.o(.text) refers to timer.o(.data) for duoji55
    main.o(.text) refers to main.o(.data) for pp
    main.o(.text) refers to lcd.o(.bss) for lcddev
    main.o(.text) refers to easytrace.o(.text) for Trace
    main.o(.text) refers to dflt_clz.o(x$fpl$dfltu) for __aeabi_ui2d
    main.o(.text) refers to noretval__2printf.o(.text) for __2printf
    main.o(.text) refers to drleqf.o(x$fpl$drleqf) for __aeabi_cdrcmple
    main.o(.text) refers to dleqf.o(x$fpl$dleqf) for __aeabi_cdcmple
    main.o(.text) refers to dflt_clz.o(x$fpl$dflt) for __aeabi_i2d
    main.o(.text) refers to dmul.o(x$fpl$dmul) for __aeabi_dmul
    main.o(.text) refers to daddsub_clz.o(x$fpl$dadd) for __aeabi_dadd
    main.o(.text) refers to robotarm.o(.text) for Pickup
    main.o(.text) refers to main.o(.bss) for Condition
    main.o(.text) refers to misc.o(.text) for NVIC_PriorityGroupConfig
    main.o(.text) refers to led.o(.text) for LED_Init
    main.o(.text) refers to key.o(.text) for KEY_Init
    main.o(.text) refers to usart.o(.text) for uart_init
    main.o(.text) refers to timer.o(.text) for TIM3_Int_Init
    main.o(.text) refers to mpu6050.o(.text) for MPU_Init
    main.o(.text) refers to inv_mpu.o(.text) for mpu_dmp_init
    main.o(.text) refers to stm32f4xx_gpio.o(.text) for GPIO_ReadInputDataBit
    led.o(.text) refers to stm32f4xx_rcc.o(.text) for RCC_AHB1PeriphClockCmd
    led.o(.text) refers to stm32f4xx_gpio.o(.text) for GPIO_Init
    lcd.o(.text) refers to _printf_percent.o(.ARM.Collect$$_printf_percent$$00000000) for _printf_percent
    lcd.o(.text) refers to _printf_x.o(.ARM.Collect$$_printf_percent$$0000000C) for _printf_x
    lcd.o(.text) refers to _printf_hex_int.o(.text) for _printf_longlong_hex
    lcd.o(.text) refers to delay.o(.text) for delay_us
    lcd.o(.text) refers to lcd.o(.bss) for lcddev
    lcd.o(.text) refers to lcd.o(.data) for POINT_COLOR
    lcd.o(.text) refers to dflt_clz.o(x$fpl$dfltu) for __aeabi_ui2d
    lcd.o(.text) refers to dmul.o(x$fpl$dmul) for __aeabi_dmul
    lcd.o(.text) refers to dfixu.o(x$fpl$dfixu) for __aeabi_d2uiz
    lcd.o(.text) refers to stm32f4xx_rcc.o(.text) for RCC_AHB1PeriphClockCmd
    lcd.o(.text) refers to stm32f4xx_gpio.o(.text) for GPIO_Init
    lcd.o(.text) refers to stm32f4xx_fsmc.o(.text) for FSMC_NORSRAMInit
    lcd.o(.text) refers to noretval__2printf.o(.text) for __2printf
    lcd.o(.text) refers to lcd.o(.constdata) for asc2_1206
    key.o(.text) refers to stm32f4xx_rcc.o(.text) for RCC_AHB1PeriphClockCmd
    key.o(.text) refers to stm32f4xx_gpio.o(.text) for GPIO_Init
    key.o(.text) refers to delay.o(.text) for delay_ms
    key.o(.text) refers to key.o(.data) for key_up
    dcmi.o(.text) refers to stm32f4xx_dcmi.o(.text) for DCMI_GetITStatus
    dcmi.o(.text) refers to main.o(.text) for rgb_data_process
    dcmi.o(.text) refers to stm32f4xx_rcc.o(.text) for RCC_AHB1PeriphClockCmd
    dcmi.o(.text) refers to stm32f4xx_dma.o(.text) for DMA_DeInit
    dcmi.o(.text) refers to stm32f4xx_gpio.o(.text) for GPIO_Init
    dcmi.o(.text) refers to misc.o(.text) for NVIC_Init
    dcmi.o(.text) refers to lcd.o(.text) for LCD_SetCursor
    dcmi.o(.text) refers to ov2640.o(.text) for OV2640_OutSize_Set
    dcmi.o(.text) refers to dcmi.o(.data) for ov_frame
    dcmi.o(.text) refers to dcmi.o(.bss) for DCMI_InitStructure
    ov2640.o(.text) refers to _printf_percent.o(.ARM.Collect$$_printf_percent$$00000000) for _printf_percent
    ov2640.o(.text) refers to _printf_d.o(.ARM.Collect$$_printf_percent$$00000009) for _printf_d
    ov2640.o(.text) refers to _printf_dec.o(.text) for _printf_int_dec
    ov2640.o(.text) refers to stm32f4xx_rcc.o(.text) for RCC_AHB1PeriphClockCmd
    ov2640.o(.text) refers to stm32f4xx_gpio.o(.text) for GPIO_Init
    ov2640.o(.text) refers to delay.o(.text) for delay_ms
    ov2640.o(.text) refers to sccb.o(.text) for SCCB_Init
    ov2640.o(.text) refers to noretval__2printf.o(.text) for __2printf
    ov2640.o(.text) refers to ov2640.o(.constdata) for ov2640_sxga_init_reg_tbl
[...]
    dmp_set_shake_reject_thresh              0x080087e9   Thumb Code    56  inv_mpu_dmp_motion_driver.o(.text)
    dmp_set_shake_reject_time                0x08008821   Thumb Code    38  inv_mpu_dmp_motion_driver.o(.text)
    dmp_set_shake_reject_timeout             0x08008847   Thumb Code    38  inv_mpu_dmp_motion_driver.o(.text)
    dmp_get_pedometer_step_count             0x0800886d   Thumb Code    66  inv_mpu_dmp_motion_driver.o(.text)
    dmp_set_pedometer_step_count             0x080088af   Thumb Code    42  inv_mpu_dmp_motion_driver.o(.text)
    dmp_get_pedometer_walk_time              0x080088d9   Thumb Code    72  inv_mpu_dmp_motion_driver.o(.text)
    dmp_set_pedometer_walk_time              0x08008921   Thumb Code    48  inv_mpu_dmp_motion_driver.o(.text)
    dmp_enable_6x_lp_quat                    0x08008951   Thumb Code   100  inv_mpu_dmp_motion_driver.o(.text)
    dmp_enable_lp_quat                       0x080089b5   Thumb Code    60  inv_mpu_dmp_motion_driver.o(.text)
    dmp_enable_gyro_cal                      0x080089f1   Thumb Code    62  inv_mpu_dmp_motion_driver.o(.text)
    dmp_enable_feature                       0x08008a2f   Thumb Code   530  inv_mpu_dmp_motion_driver.o(.text)
    dmp_get_enabled_features                 0x08008c41   Thumb Code    12  inv_mpu_dmp_motion_driver.o(.text)
    dmp_set_interrupt_mode                   0x08008cab   Thumb Code    66  inv_mpu_dmp_motion_driver.o(.text)
    dmp_read_fifo                            0x08008ced   Thumb Code   514  inv_mpu_dmp_motion_driver.o(.text)
    dmp_register_tap_cb                      0x08008eef   Thumb Code    10  inv_mpu_dmp_motion_driver.o(.text)
    dmp_register_android_orient_cb           0x08008ef9   Thumb Code    10  inv_mpu_dmp_motion_driver.o(.text)
    mpu_reg_dump                             0x08008f93   Thumb Code    84  inv_mpu.o(.text)
    mpu_read_reg                             0x08008fe7   Thumb Code    66  inv_mpu.o(.text)
    mpu_set_int_latched                      0x08009029   Thumb Code   102  inv_mpu.o(.text)
    mpu_set_sensors                          0x0800908f   Thumb Code   202  inv_mpu.o(.text)
    mpu_set_bypass                           0x08009159   Thumb Code   328  inv_mpu.o(.text)
    mpu_reset_fifo                           0x080092a1   Thumb Code   472  inv_mpu.o(.text)
    mpu_configure_fifo                       0x08009479   Thumb Code   106  inv_mpu.o(.text)
    mpu_set_lpf                              0x080094e3   Thumb Code   126  inv_mpu.o(.text)
    mpu_lp_accel_mode                        0x08009561   Thumb Code   218  inv_mpu.o(.text)
    mpu_set_sample_rate                      0x0800963b   Thumb Code   152  inv_mpu.o(.text)
    mpu_set_accel_fsr                        0x080096d3   Thumb Code   132  inv_mpu.o(.text)
    mpu_set_gyro_fsr                         0x08009757   Thumb Code   132  inv_mpu.o(.text)
    mpu_init                                 0x080097db   Thumb Code   416  inv_mpu.o(.text)
    mget_ms                                  0x0800997b   Thumb Code     2  inv_mpu.o(.text)
    mpu_get_gyro_reg                         0x0800997d   Thumb Code   110  inv_mpu.o(.text)
    mpu_get_accel_reg                        0x080099eb   Thumb Code   110  inv_mpu.o(.text)
    mpu_get_temperature                      0x08009a59   Thumb Code   142  inv_mpu.o(.text)
    mpu_set_accel_bias                       0x08009ae7   Thumb Code   472  inv_mpu.o(.text)
    mpu_get_gyro_fsr                         0x08009cbf   Thumb Code    64  inv_mpu.o(.text)
    mpu_get_accel_fsr                        0x08009cff   Thumb Code    72  inv_mpu.o(.text)
    mpu_get_lpf                              0x08009d47   Thumb Code    74  inv_mpu.o(.text)
    mpu_get_sample_rate                      0x08009d91   Thumb Code    26  inv_mpu.o(.text)
    mpu_get_compass_sample_rate              0x08009dab   Thumb Code    10  inv_mpu.o(.text)
    mpu_set_compass_sample_rate              0x08009db5   Thumb Code     8  inv_mpu.o(.text)
    mpu_get_gyro_sens                        0x08009dbd   Thumb Code    74  inv_mpu.o(.text)
    mpu_get_accel_sens                       0x08009e07   Thumb Code    78  inv_mpu.o(.text)
    mpu_get_fifo_config                      0x08009e55   Thumb Code    12  inv_mpu.o(.text)
    mpu_get_power_state                      0x08009e61   Thumb Code    22  inv_mpu.o(.text)
    mpu_get_int_status                       0x08009e77   Thumb Code    64  inv_mpu.o(.text)
    mpu_read_fifo                            0x08009eb7   Thumb Code   520  inv_mpu.o(.text)
    mpu_read_fifo_stream                     0x0800a0bf   Thumb Code   186  inv_mpu.o(.text)
    mpu_set_int_level                        0x0800a179   Thumb Code    12  inv_mpu.o(.text)
    mpu_set_dmp_state                        0x0800a889   Thumb Code   138  inv_mpu.o(.text)
    mpu_run_self_test                        0x0800a913   Thumb Code   278  inv_mpu.o(.text)
    mpu_write_mem                            0x0800aa29   Thumb Code   122  inv_mpu.o(.text)
    mpu_read_mem                             0x0800aaa3   Thumb Code   122  inv_mpu.o(.text)
    mpu_load_firmware                        0x0800ab1d   Thumb Code   190  inv_mpu.o(.text)
    mpu_get_dmp_state                        0x0800abdb   Thumb Code    14  inv_mpu.o(.text)
    setup_compass                            0x0800abe9   Thumb Code     6  inv_mpu.o(.text)
    mpu_get_compass_reg                      0x0800abef   Thumb Code     8  inv_mpu.o(.text)
    mpu_get_compass_fsr                      0x0800abf7   Thumb Code     8  inv_mpu.o(.text)
    mpu_lp_motion_interrupt                  0x0800abff   Thumb Code   512  inv_mpu.o(.text)
    run_self_test                            0x0800adff   Thumb Code   154  inv_mpu.o(.text)
    inv_row_2_scale                          0x0800ae99   Thumb Code    78  inv_mpu.o(.text)
    inv_orientation_matrix_to_scalar         0x0800aee7   Thumb Code    40  inv_mpu.o(.text)
    mpu_dmp_init                             0x0800af0f   Thumb Code   160  inv_mpu.o(.text)
    mpu_dmp_get_data                         0x0800afaf   Thumb Code   520  inv_mpu.o(.text)
    IIC_Init                                 0x0800b1c9   Thumb Code    62  myiic.o(.text)
    IIC_Start                                0x0800b207   Thumb Code    68  myiic.o(.text)
    IIC_Stop                                 0x0800b24b   Thumb Code    62  myiic.o(.text)
    IIC_Wait_Ack                             0x0800b289   Thumb Code    82  myiic.o(.text)
    IIC_Ack                                  0x0800b2db   Thumb Code    66  myiic.o(.text)
    IIC_NAck                                 0x0800b31d   Thumb Code    66  myiic.o(.text)
    IIC_Send_Byte                            0x0800b35f   Thumb Code    90  myiic.o(.text)
    IIC_Read_Byte                            0x0800b3b9   Thumb Code    94  myiic.o(.text)
    carmpu                                   0x0800b425   Thumb Code    62  car.o(.text)
    carmpu_1                                 0x0800b463   Thumb Code    64  car.o(.text)
    stop                                     0x0800b4a3   Thumb Code    68  car.o(.text)
    Car_Init                                 0x0800b4e7   Thumb Code    62  car.o(.text)
    Stand_init                               0x0800b525   Thumb Code   546  car.o(.text)
    front                                    0x0800b747   Thumb Code   470  car.o(.text)
    back                                     0x0800b91d   Thumb Code   248  car.o(.text)
    right                                    0x0800ba15   Thumb Code    68  car.o(.text)
    left                                     0x0800ba59   Thumb Code    68  car.o(.text)
    Gohead                                   0x0800ba9d   Thumb Code    76  car.o(.text)
    turn                                     0x0800bae9   Thumb Code   944  car.o(.text)
    Clockwise                                0x0800be99   Thumb Code    56  car.o(.text)
    Backward                                 0x0800bed1   Thumb Code    82  car.o(.text)
    Anticlockwise                            0x0800bf23   Thumb Code    56  car.o(.text)
    anglechange                              0x0800bfb1   Thumb Code   146  robotarm.o(.text)
    jointchange                              0x0800c043   Thumb Code   146  robotarm.o(.text)
    Pickup                                   0x0800c0d5   Thumb Code  1270  robotarm.o(.text)
    Putdown                                  0x0800c5cb   Thumb Code  1158  robotarm.o(.text)
    delay_init                               0x0800ca61   Thumb Code    52  delay.o(.text)
    delay_us                                 0x0800ca95   Thumb Code    72  delay.o(.text)
    delay_xms                                0x0800cadd   Thumb Code    72  delay.o(.text)
    delay_ms                                 0x0800cb25   Thumb Code    56  delay.o(.text)
    _sys_exit                                0x0800cb65   Thumb Code     4  usart.o(.text)
    fputc                                    0x0800cb69   Thumb Code    22  usart.o(.text)
    uart_init                                0x0800cb7f   Thumb Code   164  usart.o(.text)
    USART1_IRQHandler                        0x0800cc23   Thumb Code  1456  usart.o(.text)
    Reset_Handler                            0x0800d219   Thumb Code     8  startup_stm32f40_41xxx.o(.text)
    ADC_IRQHandler                           0x0800d233   Thumb Code     0  startup_stm32f40_41xxx.o(.text)
    CAN1_RX0_IRQHandler                      0x0800d233   Thumb Code     0  startup_stm32f40_41xxx.o(.text)
    CAN1_RX1_IRQHandler                      0x0800d233   Thumb Code     0  startup_stm32f40_41xxx.o(.text)
    CAN1_SCE_IRQHandler                      0x0800d233   Thumb Code     0  startup_stm32f40_41xxx.o(.text)
    CAN1_TX_IRQHandler                       0x0800d233   Thumb Code     0  startup_stm32f40_41xxx.o(.text)
    CAN2_RX0_IRQHandler                      0x0800d233   Thumb Code     0  startup_stm32f40_41xxx.o(.text)
    CAN2_RX1_IRQHandler                      0x0800d233   Thumb Code     0  startup_stm32f40_41xxx.o(.text)
    CAN2_SCE_IRQHandler                      0x0800d233   Thumb Code     0  startup_stm32f40_41xxx.o(.text)
    CAN2_TX_IRQHandler                       0x0800d233   Thumb Code     0  startup_stm32f40_41xxx.o(.text)
    CRYP_IRQHandler                          0x0800d233   Thumb Code     0  startup_stm32f40_41xxx.o(.text)
    DMA1_Stream0_IRQHandler                  0x0800d233   Thumb Code     0  startup_stm32f40_41xxx.o(.text)
    DMA1_Stream1_IRQHandler                  0x0800d233   Thumb Code     0  startup_stm32f40_41xxx.o(.text)
    DMA1_Stream2_IRQHandler                  0x0800d233   Thumb Code     0  startup_stm32f40_41xxx.o(.text)
    DMA1_Stream3_IRQHandler                  0x0800d233   Thumb Code     0  startup_stm32f40_41xxx.o(.text)
    DMA1_Stream4_IRQHandler                  0x0800d233   Thumb Code     0  startup_stm32f40_41xxx.o(.text)
    DMA1_Stream5_IRQHandler                  0x0800d233   Thumb Code     0  startup_stm32f40_41xxx.o(.text)
    DMA1_Stream6_IRQHandler                  0x0800d233   Thumb Code     0  startup_stm32f40_41xxx.o(.text)
    DMA1_Stream7_IRQHandler                  0x0800d233   Thumb Code     0  startup_stm32f40_41xxx.o(.text)
    DMA2_Stream0_IRQHandler                  0x0800d233   Thumb Code     0  startup_stm32f40_41xxx.o(.text)
    DMA2_Stream1_IRQHandler                  0x0800d233   Thumb Code     0  startup_stm32f40_41xxx.o(.text)
    DMA2_Stream2_IRQHandler                  0x0800d233   Thumb Code     0  startup_stm32f40_41xxx.o(.text)
    DMA2_Stream3_IRQHandler                  0x0800d233   Thumb Code     0  startup_stm32f40_41xxx.o(.text)
    DMA2_Stream4_IRQHandler                  0x0800d233   Thumb Code     0  startup_stm32f40_41xxx.o(.text)
    DMA2_Stream5_IRQHandler                  0x0800d233   Thumb Code     0  startup_stm32f40_41xxx.o(.text)
    DMA2_Stream6_IRQHandler                  0x0800d233   Thumb Code     0  startup_stm32f40_41xxx.o(.text)
    DMA2_Stream7_IRQHandler                  0x0800d233   Thumb Code     0  startup_stm32f40_41xxx.o(.text)
    ETH_IRQHandler                           0x0800d233   Thumb Code     0  startup_stm32f40_41xxx.o(.text)
    ETH_WKUP_IRQHandler                      0x0800d233   Thumb Code     0  startup_stm32f40_41xxx.o(.text)
    EXTI0_IRQHandler                         0x0800d233   Thumb Code     0  startup_stm32f40_41xxx.o(.text)
    EXTI15_10_IRQHandler                     0x0800d233   Thumb Code     0  startup_stm32f40_41xxx.o(.text)
    EXTI1_IRQHandler                         0x0800d233   Thumb Code     0  startup_stm32f40_41xxx.o(.text)
    EXTI2_IRQHandler                         0x0800d233   Thumb Code     0  startup_stm32f40_41xxx.o(.text)
    EXTI3_IRQHandler                         0x0800d233   Thumb Code     0  startup_stm32f40_41xxx.o(.text)
    EXTI4_IRQHandler                         0x0800d233   Thumb Code     0  startup_stm32f40_41xxx.o(.text)
    EXTI9_5_IRQHandler                       0x0800d233   Thumb Code     0  startup_stm32f40_41xxx.o(.text)
    FLASH_IRQHandler                         0x0800d233   Thumb Code     0  startup_stm32f40_41xxx.o(.text)
    FPU_IRQHandler                           0x0800d233   Thumb Code     0  startup_stm32f40_41xxx.o(.text)
    FSMC_IRQHandler                          0x0800d233   Thumb Code     0  startup_stm32f40_41xxx.o(.text)
    HASH_RNG_IRQHandler                      0x0800d233   Thumb Code     0  startup_stm32f40_41xxx.o(.text)
    I2C1_ER_IRQHandler                       0x0800d233   Thumb Code     0  startup_stm32f40_41xxx.o(.text)
    I2C1_EV_IRQHandler                       0x0800d233   Thumb Code     0  startup_stm32f40_41xxx.o(.text)
    I2C2_ER_IRQHandler                       0x0800d233   Thumb Code     0  startup_stm32f40_41xxx.o(.text)
    I2C2_EV_IRQHandler                       0x0800d233   Thumb Code     0  startup_stm32f40_41xxx.o(.text)
    I2C3_ER_IRQHandler                       0x0800d233   Thumb Code     0  startup_stm32f40_41xxx.o(.text)
    I2C3_EV_IRQHandler                       0x0800d233   Thumb Code     0  startup_stm32f40_41xxx.o(.text)
    OTG_FS_IRQHandler                        0x0800d233   Thumb Code     0  startup_stm32f40_41xxx.o(.text)
    OTG_FS_WKUP_IRQHandler                   0x0800d233   Thumb Code     0  startup_stm32f40_41xxx.o(.text)
    OTG_HS_EP1_IN_IRQHandler                 0x0800d233   Thumb Code     0  startup_stm32f40_41xxx.o(.text)
    OTG_HS_EP1_OUT_IRQHandler                0x0800d233   Thumb Code     0  startup_stm32f40_41xxx.o(.text)
    OTG_HS_IRQHandler                        0x0800d233   Thumb Code     0  startup_stm32f40_41xxx.o(.text)
    OTG_HS_WKUP_IRQHandler                   0x0800d233   Thumb Code     0  startup_stm32f40_41xxx.o(.text)
    PVD_IRQHandler                           0x0800d233   Thumb Code     0  startup_stm32f40_41xxx.o(.text)
    RCC_IRQHandler                           0x0800d233   Thumb Code     0  startup_stm32f40_41xxx.o(.text)
    RTC_Alarm_IRQHandler                     0x0800d233   Thumb Code     0  startup_stm32f40_41xxx.o(.text)
    RTC_WKUP_IRQHandler                      0x0800d233   Thumb Code     0  startup_stm32f40_41xxx.o(.text)
    SDIO_IRQHandler                          0x0800d233   Thumb Code     0  startup_stm32f40_41xxx.o(.text)
    SPI1_IRQHandler                          0x0800d233   Thumb Code     0  startup_stm32f40_41xxx.o(.text)
    SPI2_IRQHandler                          0x0800d233   Thumb Code     0  startup_stm32f40_41xxx.o(.text)
    SPI3_IRQHandler                          0x0800d233   Thumb Code     0  startup_stm32f40_41xxx.o(.text)
    TAMP_STAMP_IRQHandler                    0x0800d233   Thumb Code     0  startup_stm32f40_41xxx.o(.text)
    TIM1_BRK_TIM9_IRQHandler                 0x0800d233   Thumb Code     0  startup_stm32f40_41xxx.o(.text)
    TIM1_CC_IRQHandler                       0x0800d233   Thumb Code     0  startup_stm32f40_41xxx.o(.text)
    TIM1_TRG_COM_TIM11_IRQHandler            0x0800d233   Thumb Code     0  startup_stm32f40_41xxx.o(.text)
    TIM1_UP_TIM10_IRQHandler                 0x0800d233   Thumb Code     0  startup_stm32f40_41xxx.o(.text)
    TIM2_IRQHandler                          0x0800d233   Thumb Code     0  startup_stm32f40_41xxx.o(.text)
    TIM4_IRQHandler                          0x0800d233   Thumb Code     0  startup_stm32f40_41xxx.o(.text)
    TIM5_IRQHandler                          0x0800d233   Thumb Code     0  startup_stm32f40_41xxx.o(.text)
    TIM6_DAC_IRQHandler                      0x0800d233   Thumb Code     0  startup_stm32f40_41xxx.o(.text)
    TIM7_IRQHandler                          0x0800d233   Thumb Code     0  startup_stm32f40_41xxx.o(.text)
    TIM8_BRK_TIM12_IRQHandler                0x0800d233   Thumb Code     0  startup_stm32f40_41xxx.o(.text)
    TIM8_CC_IRQHandler                       0x0800d233   Thumb Code     0  startup_stm32f40_41xxx.o(.text)
    TIM8_TRG_COM_TIM14_IRQHandler            0x0800d233   Thumb Code     0  startup_stm32f40_41xxx.o(.text)
    TIM8_UP_TIM13_IRQHandler                 0x0800d233   Thumb Code     0  startup_stm32f40_41xxx.o(.text)
    UART4_IRQHandler                         0x0800d233   Thumb Code     0  startup_stm32f40_41xxx.o(.text)
    UART5_IRQHandler                         0x0800d233   Thumb Code     0  startup_stm32f40_41xxx.o(.text)
    USART2_IRQHandler                        0x0800d233   Thumb Code     0  startup_stm32f40_41xxx.o(.text)
    USART3_IRQHandler                        0x0800d233   Thumb Code     0  startup_stm32f40_41xxx.o(.text)
    USART6_IRQHandler                        0x0800d233   Thumb Code     0  startup_stm32f40_41xxx.o(.text)
    WWDG_IRQHandler                          0x0800d233   Thumb Code     0  startup_stm32f40_41xxx.o(.text)
    __user_initial_stackheap                 0x0800d235   Thumb Code     0  startup_stm32f40_41xxx.o(.text)
    NVIC_PriorityGroupConfig                 0x0800d259   Thumb Code    10  misc.o(.text)
    NVIC_Init                                0x0800d263   Thumb Code   106  misc.o(.text)
    NVIC_SetVectorTable                      0x0800d2cd   Thumb Code    14  misc.o(.text)
    NVIC_SystemLPConfig                      0x0800d2db   Thumb Code    34  misc.o(.text)
    SysTick_CLKSourceConfig                  0x0800d2fd   Thumb Code    40  misc.o(.text)
    DCMI_DeInit                              0x0800d339   Thumb Code    24  stm32f4xx_dcmi.o(.text)
    DCMI_Init                                0x0800d351   Thumb Code    60  stm32f4xx_dcmi.o(.text)
    DCMI_StructInit                          0x0800d38d   Thumb Code    18  stm32f4xx_dcmi.o(.text)
    DCMI_CROPConfig                          0x0800d39f   Thumb Code    26  stm32f4xx_dcmi.o(.text)
    DCMI_CROPCmd                             0x0800d3b9   Thumb Code    30  stm32f4xx_dcmi.o(.text)
    DCMI_SetEmbeddedSynchroCodes             0x0800d3d7   Thumb Code    26  stm32f4xx_dcmi.o(.text)
    DCMI_JPEGCmd                             0x0800d3f1   Thumb Code    30  stm32f4xx_dcmi.o(.text)
    DCMI_Cmd                                 0x0800d40f   Thumb Code    30  stm32f4xx_dcmi.o(.text)
    DCMI_CaptureCmd                          0x0800d42d   Thumb Code    30  stm32f4xx_dcmi.o(.text)
    DCMI_ReadData                            0x0800d44b   Thumb Code     6  stm32f4xx_dcmi.o(.text)
    DCMI_ITConfig                            0x0800d451   Thumb Code    30  stm32f4xx_dcmi.o(.text)
    DCMI_GetFlagStatus                       0x0800d46f   Thumb Code    46  stm32f4xx_dcmi.o(.text)
    DCMI_ClearFlag                           0x0800d49d   Thumb Code     6  stm32f4xx_dcmi.o(.text)
    DCMI_GetITStatus                         0x0800d4a3   Thumb Code    24  stm32f4xx_dcmi.o(.text)
    DCMI_ClearITPendingBit                   0x0800d4bb   Thumb Code     6  stm32f4xx_dcmi.o(.text)
    GPIO_DeInit                              0x0800d4c5   Thumb Code   268  stm32f4xx_gpio.o(.text)
    GPIO_Init                                0x0800d5d1   Thumb Code   144  stm32f4xx_gpio.o(.text)
    GPIO_StructInit                          0x0800d661   Thumb Code    18  stm32f4xx_gpio.o(.text)
    GPIO_PinLockConfig                       0x0800d673   Thumb Code    34  stm32f4xx_gpio.o(.text)
    GPIO_ReadInputDataBit                    0x0800d695   Thumb Code    18  stm32f4xx_gpio.o(.text)
    GPIO_ReadInputData                       0x0800d6a7   Thumb Code     8  stm32f4xx_gpio.o(.text)
    GPIO_ReadOutputDataBit                   0x0800d6af   Thumb Code    18  stm32f4xx_gpio.o(.text)
    GPIO_ReadOutputData                      0x0800d6c1   Thumb Code     8  stm32f4xx_gpio.o(.text)
    GPIO_SetBits                             0x0800d6c9   Thumb Code     4  stm32f4xx_gpio.o(.text)
    GPIO_ResetBits                           0x0800d6cd   Thumb Code     4  stm32f4xx_gpio.o(.text)
    GPIO_WriteBit                            0x0800d6d1   Thumb Code    10  stm32f4xx_gpio.o(.text)
    GPIO_Write                               0x0800d6db   Thumb Code     4  stm32f4xx_gpio.o(.text)
    GPIO_ToggleBits                          0x0800d6df   Thumb Code     8  stm32f4xx_gpio.o(.text)
    GPIO_PinAFConfig                         0x0800d6e7   Thumb Code    70  stm32f4xx_gpio.o(.text)
    FSMC_NORSRAMDeInit                       0x0800d759   Thumb Code    54  stm32f4xx_fsmc.o(.text)
    FSMC_NORSRAMInit                         0x0800d78f   Thumb Code   230  stm32f4xx_fsmc.o(.text)
    FSMC_NORSRAMStructInit                   0x0800d875   Thumb Code    48  stm32f4xx_fsmc.o(.text)
    FSMC_NORSRAMCmd                          0x0800d8a5   Thumb Code    46  stm32f4xx_fsmc.o(.text)
    FSMC_NANDDeInit                          0x0800d8d3   Thumb Code    62  stm32f4xx_fsmc.o(.text)
    FSMC_NANDInit                            0x0800d911   Thumb Code   132  stm32f4xx_fsmc.o(.text)
    FSMC_NANDStructInit                      0x0800d995   Thumb Code    54  stm32f4xx_fsmc.o(.text)
    FSMC_NANDCmd                             0x0800d9cb   Thumb Code    86  stm32f4xx_fsmc.o(.text)
    FSMC_NANDECCCmd                          0x0800da21   Thumb Code    86  stm32f4xx_fsmc.o(.text)
    FSMC_GetECC                              0x0800da77   Thumb Code    24  stm32f4xx_fsmc.o(.text)
    FSMC_PCCARDDeInit                        0x0800da8f   Thumb Code    36  stm32f4xx_fsmc.o(.text)
    FSMC_PCCARDInit                          0x0800dab3   Thumb Code   130  stm32f4xx_fsmc.o(.text)
    FSMC_PCCARDStructInit                    0x0800db35   Thumb Code    60  stm32f4xx_fsmc.o(.text)
    FSMC_PCCARDCmd                           0x0800db71   Thumb Code    44  stm32f4xx_fsmc.o(.text)
    FSMC_ITConfig                            0x0800db9d   Thumb Code   128  stm32f4xx_fsmc.o(.text)
    FSMC_GetFlagStatus                       0x0800dc1d   Thumb Code    54  stm32f4xx_fsmc.o(.text)
    FSMC_ClearFlag                           0x0800dc53   Thumb Code    74  stm32f4xx_fsmc.o(.text)
    FSMC_GetITStatus                         0x0800dc9d   Thumb Code    62  stm32f4xx_fsmc.o(.text)
    FSMC_ClearITPendingBit                   0x0800dcdb   Thumb Code    66  stm32f4xx_fsmc.o(.text)
    DMA_DeInit                               0x0800dd21   Thumb Code   324  stm32f4xx_dma.o(.text)
    DMA_Init                                 0x0800de65   Thumb Code    82  stm32f4xx_dma.o(.text)
    DMA_StructInit                           0x0800deb7   Thumb Code    34  stm32f4xx_dma.o(.text)
    DMA_Cmd                                  0x0800ded9   Thumb Code    22  stm32f4xx_dma.o(.text)
    DMA_PeriphIncOffsetSizeConfig            0x0800deef   Thumb Code    22  stm32f4xx_dma.o(.text)
    DMA_FlowControllerConfig                 0x0800df05   Thumb Code    22  stm32f4xx_dma.o(.text)
    DMA_SetCurrDataCounter                   0x0800df1b   Thumb Code     4  stm32f4xx_dma.o(.text)
    DMA_GetCurrDataCounter                   0x0800df1f   Thumb Code     8  stm32f4xx_dma.o(.text)
    DMA_DoubleBufferModeConfig               0x0800df27   Thumb Code    24  stm32f4xx_dma.o(.text)
    DMA_DoubleBufferModeCmd                  0x0800df3f   Thumb Code    22  stm32f4xx_dma.o(.text)
    DMA_MemoryTargetConfig                   0x0800df55   Thumb Code    10  stm32f4xx_dma.o(.text)
    DMA_GetCurrentMemoryTarget               0x0800df5f   Thumb Code    20  stm32f4xx_dma.o(.text)
    DMA_GetCmdStatus                         0x0800df73   Thumb Code    20  stm32f4xx_dma.o(.text)
    DMA_GetFIFOStatus                        0x0800df87   Thumb Code    12  stm32f4xx_dma.o(.text)
    DMA_GetFlagStatus                        0x0800df93   Thumb Code    56  stm32f4xx_dma.o(.text)
    DMA_ClearFlag                            0x0800dfcb   Thumb Code    40  stm32f4xx_dma.o(.text)
    DMA_ITConfig                             0x0800dff3   Thumb Code    58  stm32f4xx_dma.o(.text)
    DMA_GetITStatus                          0x0800e02d   Thumb Code    84  stm32f4xx_dma.o(.text)
    DMA_ClearITPendingBit                    0x0800e081   Thumb Code    40  stm32f4xx_dma.o(.text)
    RCC_DeInit                               0x0800e0c9   Thumb Code    82  stm32f4xx_rcc.o(.text)
    RCC_HSEConfig                            0x0800e11b   Thumb Code    14  stm32f4xx_rcc.o(.text)
    RCC_GetFlagStatus                        0x0800e129   Thumb Code    60  stm32f4xx_rcc.o(.text)
    RCC_WaitForHSEStartUp                    0x0800e165   Thumb Code    56  stm32f4xx_rcc.o(.text)
    RCC_AdjustHSICalibrationValue            0x0800e19d   Thumb Code    20  stm32f4xx_rcc.o(.text)
    RCC_HSICmd                               0x0800e1b1   Thumb Code     6  stm32f4xx_rcc.o(.text)
    RCC_LSEConfig                            0x0800e1b7   Thumb Code    46  stm32f4xx_rcc.o(.text)
    RCC_LSICmd                               0x0800e1e5   Thumb Code     6  stm32f4xx_rcc.o(.text)
    RCC_PLLConfig                            0x0800e1eb   Thumb Code    32  stm32f4xx_rcc.o(.text)
    RCC_PLLCmd                               0x0800e20b   Thumb Code     6  stm32f4xx_rcc.o(.text)
    RCC_PLLI2SConfig                         0x0800e211   Thumb Code    14  stm32f4xx_rcc.o(.text)
    RCC_PLLI2SCmd                            0x0800e21f   Thumb Code     6  stm32f4xx_rcc.o(.text)
    RCC_PLLSAIConfig                         0x0800e225   Thumb Code    20  stm32f4xx_rcc.o(.text)
    RCC_PLLSAICmd                            0x0800e239   Thumb Code     6  stm32f4xx_rcc.o(.text)
    RCC_ClockSecuritySystemCmd               0x0800e23f   Thumb Code     6  stm32f4xx_rcc.o(.text)
    RCC_MCO1Config                           0x0800e245   Thumb Code    28  stm32f4xx_rcc.o(.text)
    RCC_MCO2Config                           0x0800e261   Thumb Code    28  stm32f4xx_rcc.o(.text)
    RCC_SYSCLKConfig                         0x0800e27d   Thumb Code    20  stm32f4xx_rcc.o(.text)
    RCC_GetSYSCLKSource                      0x0800e291   Thumb Code    12  stm32f4xx_rcc.o(.text)
    RCC_HCLKConfig                           0x0800e29d   Thumb Code    20  stm32f4xx_rcc.o(.text)
    RCC_PCLK1Config                          0x0800e2b1   Thumb Code    20  stm32f4xx_rcc.o(.text)
    RCC_PCLK2Config                          0x0800e2c5   Thumb Code    22  stm32f4xx_rcc.o(.text)
    RCC_GetClocksFreq                        0x0800e2db   Thumb Code   222  stm32f4xx_rcc.o(.text)
    RCC_RTCCLKConfig                         0x0800e3b9   Thumb Code    54  stm32f4xx_rcc.o(.text)
    RCC_RTCCLKCmd                            0x0800e3ef   Thumb Code     8  stm32f4xx_rcc.o(.text)
    RCC_BackupResetCmd                       0x0800e3f7   Thumb Code     8  stm32f4xx_rcc.o(.text)
    RCC_I2SCLKConfig                         0x0800e3ff   Thumb Code     6  stm32f4xx_rcc.o(.text)
    RCC_SAIPLLI2SClkDivConfig                0x0800e405   Thumb Code    26  stm32f4xx_rcc.o(.text)
    RCC_SAIPLLSAIClkDivConfig                0x0800e41f   Thumb Code    28  stm32f4xx_rcc.o(.text)
    RCC_SAIBlockACLKConfig                   0x0800e43b   Thumb Code    20  stm32f4xx_rcc.o(.text)
    RCC_SAIBlockBCLKConfig                   0x0800e44f   Thumb Code    20  stm32f4xx_rcc.o(.text)
    RCC_LTDCCLKDivConfig                     0x0800e463   Thumb Code    20  stm32f4xx_rcc.o(.text)
    RCC_TIMCLKPresConfig                     0x0800e477   Thumb Code     6  stm32f4xx_rcc.o(.text)
    RCC_AHB1PeriphClockCmd                   0x0800e47d   Thumb Code    34  stm32f4xx_rcc.o(.text)
    RCC_AHB2PeriphClockCmd                   0x0800e49f   Thumb Code    78  stm32f4xx_rcc.o(.text)
    RCC_AHB3PeriphClockCmd                   0x0800e4ed   Thumb Code    34  stm32f4xx_rcc.o(.text)
    RCC_APB1PeriphClockCmd                   0x0800e50f   Thumb Code    34  stm32f4xx_rcc.o(.text)
    RCC_APB2PeriphClockCmd                   0x0800e531   Thumb Code    34  stm32f4xx_rcc.o(.text)
    RCC_AHB1PeriphResetCmd                   0x0800e553   Thumb Code    34  stm32f4xx_rcc.o(.text)
    RCC_AHB2PeriphResetCmd                   0x0800e575   Thumb Code    34  stm32f4xx_rcc.o(.text)
    RCC_AHB3PeriphResetCmd                   0x0800e597   Thumb Code    34  stm32f4xx_rcc.o(.text)
    RCC_APB1PeriphResetCmd                   0x0800e5b9   Thumb Code    34  stm32f4xx_rcc.o(.text)
    RCC_APB2PeriphResetCmd                   0x0800e5db   Thumb Code    34  stm32f4xx_rcc.o(.text)
    RCC_AHB1PeriphClockLPModeCmd             0x0800e5fd   Thumb Code    34  stm32f4xx_rcc.o(.text)
    RCC_AHB2PeriphClockLPModeCmd             0x0800e61f   Thumb Code    34  stm32f4xx_rcc.o(.text)
    RCC_AHB3PeriphClockLPModeCmd             0x0800e641   Thumb Code    34  stm32f4xx_rcc.o(.text)
    RCC_APB1PeriphClockLPModeCmd             0x0800e663   Thumb Code    34  stm32f4xx_rcc.o(.text)
    RCC_APB2PeriphClockLPModeCmd             0x0800e685   Thumb Code    34  stm32f4xx_rcc.o(.text)
    RCC_LSEModeConfig                        0x0800e6a7   Thumb Code    40  stm32f4xx_rcc.o(.text)
    RCC_ITConfig                             0x0800e6cf   Thumb Code    34  stm32f4xx_rcc.o(.text)
    RCC_ClearFlag                            0x0800e6f1   Thumb Code    18  stm32f4xx_rcc.o(.text)
    RCC_GetITStatus                          0x0800e703   Thumb Code    22  stm32f4xx_rcc.o(.text)
    RCC_ClearITPendingBit                    0x0800e719   Thumb Code     8  stm32f4xx_rcc.o(.text)
    USART_DeInit                             0x0800e725   Thumb Code   206  stm32f4xx_usart.o(.text)
    USART_Init                               0x0800e7f3   Thumb Code   204  stm32f4xx_usart.o(.text)
    USART_StructInit                         0x0800e8bf   Thumb Code    24  stm32f4xx_usart.o(.text)
    USART_ClockInit                          0x0800e8d7   Thumb Code    32  stm32f4xx_usart.o(.text)
    USART_ClockStructInit                    0x0800e8f7   Thumb Code    12  stm32f4xx_usart.o(.text)
    USART_Cmd                                0x0800e903   Thumb Code    24  stm32f4xx_usart.o(.text)
    USART_SetPrescaler                       0x0800e91b   Thumb Code    16  stm32f4xx_usart.o(.text)
    USART_OverSampling8Cmd                   0x0800e92b   Thumb Code    22  stm32f4xx_usart.o(.text)
    USART_OneBitMethodCmd                    0x0800e941   Thumb Code    24  stm32f4xx_usart.o(.text)
    USART_SendData                           0x0800e959   Thumb Code     8  stm32f4xx_usart.o(.text)
    USART_ReceiveData                        0x0800e961   Thumb Code    10  stm32f4xx_usart.o(.text)
    USART_SetAddress                         0x0800e96b   Thumb Code    18  stm32f4xx_usart.o(.text)
    USART_ReceiverWakeUpCmd                  0x0800e97d   Thumb Code    24  stm32f4xx_usart.o(.text)
    USART_WakeUpConfig                       0x0800e995   Thumb Code    18  stm32f4xx_usart.o(.text)
    USART_LINBreakDetectLengthConfig         0x0800e9a7   Thumb Code    18  stm32f4xx_usart.o(.text)
    USART_LINCmd                             0x0800e9b9   Thumb Code    24  stm32f4xx_usart.o(.text)
    USART_SendBreak                          0x0800e9d1   Thumb Code    10  stm32f4xx_usart.o(.text)
    USART_HalfDuplexCmd                      0x0800e9db   Thumb Code    24  stm32f4xx_usart.o(.text)
    USART_SetGuardTime                       0x0800e9f3   Thumb Code    16  stm32f4xx_usart.o(.text)
    USART_SmartCardCmd                       0x0800ea03   Thumb Code    24  stm32f4xx_usart.o(.text)
    USART_SmartCardNACKCmd                   0x0800ea1b   Thumb Code    24  stm32f4xx_usart.o(.text)
    USART_IrDAConfig                         0x0800ea33   Thumb Code    18  stm32f4xx_usart.o(.text)
    USART_IrDACmd                            0x0800ea45   Thumb Code    24  stm32f4xx_usart.o(.text)
    USART_DMACmd                             0x0800ea5d   Thumb Code    18  stm32f4xx_usart.o(.text)
    USART_ITConfig                           0x0800ea6f   Thumb Code    74  stm32f4xx_usart.o(.text)
    USART_GetFlagStatus                      0x0800eab9   Thumb Code    26  stm32f4xx_usart.o(.text)
    USART_ClearFlag                          0x0800ead3   Thumb Code    18  stm32f4xx_usart.o(.text)
    USART_GetITStatus                        0x0800eae5   Thumb Code   118  stm32f4xx_usart.o(.text)
    USART_ClearITPendingBit                  0x0800eb5b   Thumb Code    30  stm32f4xx_usart.o(.text)
    TIM_DeInit                               0x0800eb79   Thumb Code   346  stm32f4xx_tim.o(.text)
    TIM_TimeBaseInit                         0x0800ecd3   Thumb Code   104  stm32f4xx_tim.o(.text)
    TIM_TimeBaseStructInit                   0x0800ed3b   Thumb Code    18  stm32f4xx_tim.o(.text)
    TIM_PrescalerConfig                      0x0800ed4d   Thumb Code     6  stm32f4xx_tim.o(.text)
    TIM_CounterModeConfig                    0x0800ed53   Thumb Code    18  stm32f4xx_tim.o(.text)
    TIM_SetCounter                           0x0800ed65   Thumb Code     4  stm32f4xx_tim.o(.text)
    TIM_SetAutoreload                        0x0800ed69   Thumb Code     4  stm32f4xx_tim.o(.text)
    TIM_GetCounter                           0x0800ed6d   Thumb Code     6  stm32f4xx_tim.o(.text)
    TIM_GetPrescaler                         0x0800ed73   Thumb Code     6  stm32f4xx_tim.o(.text)
    TIM_UpdateDisableConfig                  0x0800ed79   Thumb Code    24  stm32f4xx_tim.o(.text)
    TIM_UpdateRequestConfig                  0x0800ed91   Thumb Code    24  stm32f4xx_tim.o(.text)
    TIM_ARRPreloadConfig                     0x0800eda9   Thumb Code    24  stm32f4xx_tim.o(.text)
    TIM_SelectOnePulseMode                   0x0800edc1   Thumb Code    18  stm32f4xx_tim.o(.text)
    TIM_SetClockDivision                     0x0800edd3   Thumb Code    18  stm32f4xx_tim.o(.text)
    TIM_Cmd                                  0x0800ede5   Thumb Code    24  stm32f4xx_tim.o(.text)
    TIM_OC1Init                              0x0800edfd   Thumb Code   114  stm32f4xx_tim.o(.text)
    TIM_OC2Init                              0x0800ee6f   Thumb Code   154  stm32f4xx_tim.o(.text)
    TIM_OC3Init                              0x0800ef09   Thumb Code   204  stm32f4xx_tim.o(.text)
    TIM_OC4Init                              0x0800efd5   Thumb Code   112  stm32f4xx_tim.o(.text)
    TIM_OCStructInit                         0x0800f045   Thumb Code    20  stm32f4xx_tim.o(.text)
    TIM_SelectOCxM                           0x0800f059   Thumb Code    86  stm32f4xx_tim.o(.text)
    TIM_SetCompare1                          0x0800f0af   Thumb Code     4  stm32f4xx_tim.o(.text)
    TIM_SetCompare2                          0x0800f0b3   Thumb Code     4  stm32f4xx_tim.o(.text)
    TIM_SetCompare3                          0x0800f0b7   Thumb Code     4  stm32f4xx_tim.o(.text)
    TIM_SetCompare4                          0x0800f0bb   Thumb Code     4  stm32f4xx_tim.o(.text)
    TIM_ForcedOC1Config                      0x0800f0bf   Thumb Code    18  stm32f4xx_tim.o(.text)
    TIM_ForcedOC2Config                      0x0800f0d1   Thumb Code    26  stm32f4xx_tim.o(.text)
    TIM_ForcedOC3Config                      0x0800f0eb   Thumb Code    18  stm32f4xx_tim.o(.text)
    TIM_ForcedOC4Config                      0x0800f0fd   Thumb Code    26  stm32f4xx_tim.o(.text)
    TIM_OC1PreloadConfig                     0x0800f117   Thumb Code    18  stm32f4xx_tim.o(.text)
    TIM_OC2PreloadConfig                     0x0800f129   Thumb Code    26  stm32f4xx_tim.o(.text)
    TIM_OC3PreloadConfig                     0x0800f143   Thumb Code    18  stm32f4xx_tim.o(.text)
    TIM_OC4PreloadConfig                     0x0800f155   Thumb Code    26  stm32f4xx_tim.o(.text)
    TIM_OC1FastConfig                        0x0800f16f   Thumb Code    18  stm32f4xx_tim.o(.text)
    TIM_OC2FastConfig                        0x0800f181   Thumb Code    26  stm32f4xx_tim.o(.text)
    TIM_OC3FastConfig                        0x0800f19b   Thumb Code    18  stm32f4xx_tim.o(.text)
    TIM_OC4FastConfig                        0x0800f1ad   Thumb Code    26  stm32f4xx_tim.o(.text)
    TIM_ClearOC1Ref                          0x0800f1c7   Thumb Code    18  stm32f4xx_tim.o(.text)
    TIM_ClearOC2Ref                          0x0800f1d9   Thumb Code    24  stm32f4xx_tim.o(.text)
    TIM_ClearOC3Ref                          0x0800f1f1   Thumb Code    18  stm32f4xx_tim.o(.text)
    TIM_ClearOC4Ref                          0x0800f203   Thumb Code    24  stm32f4xx_tim.o(.text)
    TIM_OC1PolarityConfig                    0x0800f21b   Thumb Code    18  stm32f4xx_tim.o(.text)
    TIM_OC1NPolarityConfig                   0x0800f22d   Thumb Code    18  stm32f4xx_tim.o(.text)
    TIM_OC2PolarityConfig                    0x0800f23f   Thumb Code    26  stm32f4xx_tim.o(.text)
    TIM_OC2NPolarityConfig                   0x0800f259   Thumb Code    26  stm32f4xx_tim.o(.text)
    TIM_OC3PolarityConfig                    0x0800f273   Thumb Code    26  stm32f4xx_tim.o(.text)
    TIM_OC3NPolarityConfig                   0x0800f28d   Thumb Code    26  stm32f4xx_tim.o(.text)
    TIM_OC4PolarityConfig                    0x0800f2a7   Thumb Code    26  stm32f4xx_tim.o(.text)
    TIM_CCxCmd                               0x0800f2c1   Thumb Code    30  stm32f4xx_tim.o(.text)
    TIM_CCxNCmd                              0x0800f2df   Thumb Code    30  stm32f4xx_tim.o(.text)
    TIM_SetIC4Prescaler                      0x0800f2fd   Thumb Code    26  stm32f4xx_tim.o(.text)
    TIM_SetIC3Prescaler                      0x0800f367   Thumb Code    18  stm32f4xx_tim.o(.text)
    TIM_SetIC2Prescaler                      0x0800f3c1   Thumb Code    26  stm32f4xx_tim.o(.text)
    TIM_SetIC1Prescaler                      0x0800f435   Thumb Code    18  stm32f4xx_tim.o(.text)
    TIM_ICInit                               0x0800f481   Thumb Code   110  stm32f4xx_tim.o(.text)
    TIM_ICStructInit                         0x0800f4ef   Thumb Code    18  stm32f4xx_tim.o(.text)
    TIM_PWMIConfig                           0x0800f501   Thumb Code   124  stm32f4xx_tim.o(.text)
    TIM_GetCapture1                          0x0800f57d   Thumb Code     6  stm32f4xx_tim.o(.text)
    TIM_GetCapture2                          0x0800f583   Thumb Code     6  stm32f4xx_tim.o(.text)
    TIM_GetCapture3                          0x0800f589   Thumb Code     6  stm32f4xx_tim.o(.text)
    TIM_GetCapture4                          0x0800f58f   Thumb Code     6  stm32f4xx_tim.o(.text)
    TIM_BDTRConfig                           0x0800f595   Thumb Code    32  stm32f4xx_tim.o(.text)
    TIM_BDTRStructInit                       0x0800f5b5   Thumb Code    18  stm32f4xx_tim.o(.text)
    TIM_CtrlPWMOutputs                       0x0800f5c7   Thumb Code    30  stm32f4xx_tim.o(.text)
    TIM_SelectCOM                            0x0800f5e5   Thumb Code    24  stm32f4xx_tim.o(.text)
    TIM_CCPreloadControl                     0x0800f5fd   Thumb Code    24  stm32f4xx_tim.o(.text)
    TIM_ITConfig                             0x0800f615   Thumb Code    18  stm32f4xx_tim.o(.text)
    TIM_GenerateEvent                        0x0800f627   Thumb Code     4  stm32f4xx_tim.o(.text)
    TIM_GetFlagStatus                        0x0800f62b   Thumb Code    18  stm32f4xx_tim.o(.text)
    TIM_ClearFlag                            0x0800f63d   Thumb Code     6  stm32f4xx_tim.o(.text)
    TIM_GetITStatus                          0x0800f643   Thumb Code    34  stm32f4xx_tim.o(.text)
    TIM_ClearITPendingBit                    0x0800f665   Thumb Code     6  stm32f4xx_tim.o(.text)
    TIM_DMAConfig                            0x0800f66b   Thumb Code    10  stm32f4xx_tim.o(.text)
    TIM_DMACmd                               0x0800f675   Thumb Code    18  stm32f4xx_tim.o(.text)
    TIM_SelectCCDMA                          0x0800f687   Thumb Code    24  stm32f4xx_tim.o(.text)
    TIM_InternalClockConfig                  0x0800f69f   Thumb Code    12  stm32f4xx_tim.o(.text)
    TIM_SelectInputTrigger                   0x0800f6ab   Thumb Code    18  stm32f4xx_tim.o(.text)
    TIM_ITRxExternalClockConfig              0x0800f6bd   Thumb Code    24  stm32f4xx_tim.o(.text)
    TIM_TIxExternalClockConfig               0x0800f6d5   Thumb Code    62  stm32f4xx_tim.o(.text)
    TIM_ETRConfig                            0x0800f713   Thumb Code    28  stm32f4xx_tim.o(.text)
    TIM_ETRClockMode1Config                  0x0800f72f   Thumb Code    54  stm32f4xx_tim.o(.text)
    TIM_ETRClockMode2Config                  0x0800f765   Thumb Code    32  stm32f4xx_tim.o(.text)
    TIM_SelectOutputTrigger                  0x0800f785   Thumb Code    18  stm32f4xx_tim.o(.text)
    TIM_SelectSlaveMode                      0x0800f797   Thumb Code    18  stm32f4xx_tim.o(.text)
    TIM_SelectMasterSlaveMode                0x0800f7a9   Thumb Code    18  stm32f4xx_tim.o(.text)
    TIM_EncoderInterfaceConfig               0x0800f7bb   Thumb Code    66  stm32f4xx_tim.o(.text)
    TIM_SelectHallSensor                     0x0800f7fd   Thumb Code    24  stm32f4xx_tim.o(.text)
    TIM_RemapConfig                          0x0800f815   Thumb Code     6  stm32f4xx_tim.o(.text)
    __use_no_semihosting                     0x0800f81b   Thumb Code     2  use_no_semi_2.o(.text)
    __aeabi_ldivmod                          0x0800f81d   Thumb Code     0  llsdiv.o(.text)
    _ll_sdiv                                 0x0800f81d   Thumb Code    72  llsdiv.o(.text)
    __2printf                                0x0800f865   Thumb Code    20  noretval__2printf.o(.text)
    _printf_pre_padding                      0x0800f87d   Thumb Code    44  _printf_pad.o(.text)
    _printf_post_padding                     0x0800f8a9   Thumb Code    34  _printf_pad.o(.text)
    _printf_int_dec                          0x0800f8cd   Thumb Code   104  _printf_dec.o(.text)
    _printf_int_hex                          0x0800f945   Thumb Code    84  _printf_hex_int.o(.text)
    _printf_longlong_hex                     0x0800f945   Thumb Code     0  _printf_hex_int.o(.text)
    __printf                                 0x0800f99d   Thumb Code   308  __printf_flags_wp.o(.text)
    memcmp                                   0x0800fad5   Thumb Code    88  memcmp.o(.text)
    __aeabi_memset                           0x0800fb2d   Thumb Code    16  aeabi_memset.o(.text)
    __use_two_region_memory                  0x0800fb3d   Thumb Code     2  heapauxi.o(.text)
    __rt_heap_escrow$2region                 0x0800fb3f   Thumb Code     2  heapauxi.o(.text)
    __rt_heap_expand$2region                 0x0800fb41   Thumb Code     2  heapauxi.o(.text)
    __I$use$semihosting                      0x0800fb43   Thumb Code     0  use_no_semi.o(.text)
    __use_no_semihosting_swi                 0x0800fb43   Thumb Code     2  use_no_semi.o(.text)
    __aeabi_uldivmod                         0x0800fb45   Thumb Code     0  lludivv7m.o(.text)
    _ll_udiv                                 0x0800fb45   Thumb Code   238  lludivv7m.o(.text)
    __read_errno                             0x0800fc33   Thumb Code    10  _rserrno.o(.text)
    __set_errno                              0x0800fc3d   Thumb Code    12  _rserrno.o(.text)
    _printf_int_common                       0x0800fc49   Thumb Code   178  _printf_intcommon.o(.text)
    __lib_sel_fp_printf                      0x0800fcfb   Thumb Code     2  _printf_fp_dec.o(.text)
    _printf_fp_dec_real                      0x0800fea9   Thumb Code   620  _printf_fp_dec.o(.text)
    _printf_char_file                        0x08010115   Thumb Code    32  _printf_char_file.o(.text)
    __aeabi_memclr                           0x08010139   Thumb Code     0  rt_memclr.o(.text)
    __rt_memclr                              0x08010139   Thumb Code    68  rt_memclr.o(.text)
    _memset                                  0x0801013d   Thumb Code     0  rt_memclr.o(.text)
    __rt_locale                              0x0801017d   Thumb Code     8  rt_locale_intlibspace.o(.text)
    __aeabi_errno_addr                       0x08010185   Thumb Code     8  rt_errno_addr_intlibspace.o(.text)
    __errno$intlibspace                      0x08010185   Thumb Code     0  rt_errno_addr_intlibspace.o(.text)
    __rt_errno_addr$intlibspace              0x08010185   Thumb Code     0  rt_errno_addr_intlibspace.o(.text)
    _ll_udiv10                               0x0801018d   Thumb Code   138  lludiv10.o(.text)
    _printf_char_common                      0x08010223   Thumb Code    32  _printf_char_common.o(.text)
    _printf_fp_infnan                        0x08010249   Thumb Code   112  _printf_fp_infnan.o(.text)
    _btod_etento                             0x080102c9   Thumb Code   216  bigflt0.o(.text)
    ferror                                   0x080103a5   Thumb Code     8  ferror.o(.text)
    __aeabi_memclr4                          0x080103ad   Thumb Code     0  rt_memclr_w.o(.text)
    __aeabi_memclr8                          0x080103ad   Thumb Code     0  rt_memclr_w.o(.text)
    __rt_memclr_w                            0x080103ad   Thumb Code    78  rt_memclr_w.o(.text)
    _memset_w                                0x080103b1   Thumb Code     0  rt_memclr_w.o(.text)
    __user_libspace                          0x080103fd   Thumb Code     8  libspace.o(.text)
    __user_perproc_libspace                  0x080103fd   Thumb Code     0  libspace.o(.text)
    __user_perthread_libspace                0x080103fd   Thumb Code     0  libspace.o(.text)
    __user_setup_stackheap                   0x08010405   Thumb Code    74  sys_stackheap_outer.o(.text)
    exit                                     0x0801044f   Thumb Code    12  exit.o(.text)
    strcmp                                   0x0801045d   Thumb Code   128  strcmpv7m.o(.text)
    _btod_d2e                                0x080104dd   Thumb Code    62  btod.o(CL$$btod_d2e)
    _d2e_denorm_low                          0x0801051b   Thumb Code    70  btod.o(CL$$btod_d2e_denorm_low)
    _d2e_norm_op1                            0x08010561   Thumb Code    96  btod.o(CL$$btod_d2e_norm_op1)
    __btod_div_common                        0x080105c1   Thumb Code   696  btod.o(CL$$btod_div_common)
    _e2e                                     0x080108f9   Thumb Code   198  btod.o(CL$$btod_e2e)
    _btod_ediv                               0x080109bf   Thumb Code    40  btod.o(CL$$btod_ediv)
    _btod_emul                               0x080109e7   Thumb Code    40  btod.o(CL$$btod_emul)
    __btod_mult_common                       0x08010a0f   Thumb Code   580  btod.o(CL$$btod_mult_common)
    __ARM_fpclassify                         0x08010c53   Thumb Code    48  fpclassify.o(i.__ARM_fpclassify)
    __hardfp_acos                            0x08010c89   Thumb Code   738  acos.o(i.__hardfp_acos)
    __hardfp_asin                            0x08010fe1   Thumb Code   770  asin.o(i.__hardfp_asin)
    __hardfp_atan                            0x08011341   Thumb Code   622  atan.o(i.__hardfp_atan)
    __hardfp_atan2                           0x08011619   Thumb Code   432  atan2.o(i.__hardfp_atan2)
    __kernel_poly                            0x08011809   Thumb Code   248  poly.o(i.__kernel_poly)
    __mathlib_dbl_infnan                     0x08011901   Thumb Code    20  dunder.o(i.__mathlib_dbl_infnan)
    __mathlib_dbl_infnan2                    0x08011915   Thumb Code    20  dunder.o(i.__mathlib_dbl_infnan2)
    __mathlib_dbl_invalid                    0x08011929   Thumb Code    24  dunder.o(i.__mathlib_dbl_invalid)
    __mathlib_dbl_underflow                  0x08011949   Thumb Code    24  dunder.o(i.__mathlib_dbl_underflow)
    _is_digit                                0x08011969   Thumb Code    14  __printf_wp.o(i._is_digit)
    atan                                     0x08011977   Thumb Code    16  atan.o(i.atan)
    fabs                                     0x08011987   Thumb Code    24  fabs.o(i.fabs)
    sqrt                                     0x0801199f   Thumb Code   110  sqrt.o(i.sqrt)
    _get_lc_numeric                          0x08011a0d   Thumb Code    44  lc_numeric_c.o(locale$$code)
    __aeabi_dneg                             0x08011a39   Thumb Code     0  basic.o(x$fpl$basic)
    _dneg                                    0x08011a39   Thumb Code     6  basic.o(x$fpl$basic)
    __aeabi_fneg                             0x08011a3f   Thumb Code     0  basic.o(x$fpl$basic)
    _fneg                                    0x08011a3f   Thumb Code     6  basic.o(x$fpl$basic)
    _dabs                                    0x08011a45   Thumb Code     6  basic.o(x$fpl$basic)
    _fabs                                    0x08011a4b   Thumb Code     6  basic.o(x$fpl$basic)
    __aeabi_d2f                              0x08011a51   Thumb Code     0  d2f.o(x$fpl$d2f)
    _d2f                                     0x08011a51   Thumb Code    98  d2f.o(x$fpl$d2f)
    __aeabi_dadd                             0x08011ab5   Thumb Code     0  daddsub_clz.o(x$fpl$dadd)
    _dadd                                    0x08011ab5   Thumb Code   332  daddsub_clz.o(x$fpl$dadd)
    __fpl_dcmp_Inf                           0x08011c05   Thumb Code    24  dcmpi.o(x$fpl$dcmpinf)
    __aeabi_ddiv                             0x08011c1d   Thumb Code     0  ddiv.o(x$fpl$ddiv)
    _ddiv                                    0x08011c1d   Thumb Code   552  ddiv.o(x$fpl$ddiv)
    __aeabi_d2iz                             0x08011ecd   Thumb Code     0  dfix.o(x$fpl$dfix)
    _dfix                                    0x08011ecd   Thumb Code    94  dfix.o(x$fpl$dfix)
    __aeabi_d2uiz                            0x08011f2d   Thumb Code     0  dfixu.o(x$fpl$dfixu)
    _dfixu                                   0x08011f2d   Thumb Code    90  dfixu.o(x$fpl$dfixu)
    __aeabi_i2d                              0x08011f87   Thumb Code     0  dflt_clz.o(x$fpl$dflt)
    _dflt                                    0x08011f87   Thumb Code    46  dflt_clz.o(x$fpl$dflt)
    __aeabi_ui2d                             0x08011fb5   Thumb Code     0  dflt_clz.o(x$fpl$dfltu)
    _dfltu                                   0x08011fb5   Thumb Code    38  dflt_clz.o(x$fpl$dfltu)
    __aeabi_cdcmple                          0x08011fdd   Thumb Code     0  dleqf.o(x$fpl$dleqf)
    _dcmple                                  0x08011fdd   Thumb Code   120  dleqf.o(x$fpl$dleqf)
    __fpl_dcmple_InfNaN                      0x0801203f   Thumb Code     0  dleqf.o(x$fpl$dleqf)
    __aeabi_dmul                             0x08012055   Thumb Code     0  dmul.o(x$fpl$dmul)
    _dmul                                    0x08012055   Thumb Code   332  dmul.o(x$fpl$dmul)
    __fpl_dnaninf                            0x080121a9   Thumb Code   156  dnaninf.o(x$fpl$dnaninf)
    __fpl_dretinf                            0x08012245   Thumb Code    12  dretinf.o(x$fpl$dretinf)
    __aeabi_cdrcmple                         0x08012251   Thumb Code     0  drleqf.o(x$fpl$drleqf)
    _drcmple                                 0x08012251   Thumb Code   108  drleqf.o(x$fpl$drleqf)
    __aeabi_drsub                            0x080122bd   Thumb Code     0  daddsub_clz.o(x$fpl$drsb)
    _drsb                                    0x080122bd   Thumb Code    22  daddsub_clz.o(x$fpl$drsb)
    _dsqrt                                   0x080122d5   Thumb Code   404  dsqrt_umaal.o(x$fpl$dsqrt)
    __aeabi_dsub                             0x0801246d   Thumb Code     0  daddsub_clz.o(x$fpl$dsub)
    _dsub                                    0x0801246d   Thumb Code   464  daddsub_clz.o(x$fpl$dsub)
    __aeabi_f2d                              0x08012641   Thumb Code     0  f2d.o(x$fpl$f2d)
    _f2d                                     0x08012641   Thumb Code    86  f2d.o(x$fpl$f2d)
    __fpl_fnaninf                            0x08012697   Thumb Code   140  fnaninf.o(x$fpl$fnaninf)
    _fp_init                                 0x08012723   Thumb Code    10  fpinit.o(x$fpl$fpinit)
    __fplib_config_fpu_vfp                   0x0801272b   Thumb Code     0  fpinit.o(x$fpl$fpinit)
    __fplib_config_pureend_doubles           0x0801272b   Thumb Code     0  fpinit.o(x$fpl$fpinit)
    __fpl_fretinf                            0x0801272d   Thumb Code    10  fretinf.o(x$fpl$fretinf)
    _printf_fp_dec                           0x08012737   Thumb Code     4  printf1.o(x$fpl$printf1)
    __I$use$fp                               0x0801273a   Number         0  usenofp.o(x$fpl$usenofp)
    asc2_1206                                0x0801273a   Data        1140  lcd.o(.constdata)
    asc2_1608                                0x08012bae   Data        1520  lcd.o(.constdata)
    asc2_2412                                0x0801319e   Data        3420  lcd.o(.constdata)
    ov2640_sxga_init_reg_tbl                 0x08013efa   Data         356  ov2640.o(.constdata)
    ov2640_svga_init_reg_tbl                 0x0801405e   Data         354  ov2640.o(.constdata)
    ov2640_jpeg_reg_tbl                      0x080141c0   Data          14  ov2640.o(.constdata)
    ov2640_rgb565_reg_tbl                    0x080141ce   Data          28  ov2640.o(.constdata)
    ov2640_yuv422_reg_tbl                    0x080141ea   Data          16  ov2640.o(.constdata)
    reg                                      0x08014e18   Data          27  inv_mpu.o(.constdata)
    hw                                       0x08014e34   Data          12  inv_mpu.o(.constdata)
    test                                     0x08014e40   Data          40  inv_mpu.o(.constdata)
    FSMC_DefaultTimingStruct                 0x08014e68   Data          28  stm32f4xx_fsmc.o(.constdata)
    __mathlib_zero                           0x08014ff8   Data           8  qnan.o(.constdata)
    Region$$Table$$Base                      0x080150e4   Number         0  anon$$obj.o(Region$$Table)
    Region$$Table$$Limit                     0x08015104   Number         0  anon$$obj.o(Region$$Table)
    SystemCoreClock                          0x20000000   Data           4  system_stm32f4xx.o(.data)
    AHBPrescTable                            0x20000004   Data          16  system_stm32f4xx.o(.data)
    x2                                       0x20000018   Data           4  main.o(.data)
    y9                                       0x2000001c   Data           4  main.o(.data)
    w2                                       0x20000020   Data           4  main.o(.data)
    h2                                       0x20000024   Data           4  main.o(.data)
    roll                                     0x20000028   Data           4  main.o(.data)
    pitch                                    0x2000002c   Data           4  main.o(.data)
    yaw                                      0x20000030   Data           4  main.o(.data)
    angle                                    0x20000038   Data           8  main.o(.data)
    angle_1                                  0x20000040   Data           8  main.o(.data)
    rgb_data_ok                              0x20000048   Data           1  main.o(.data)
    k3                                       0x20000050   Data           8  main.o(.data)
    b3                                       0x20000058   Data           8  main.o(.data)
    s3                                       0x20000060   Data           8  main.o(.data)
    p1                                       0x20000068   Data           8  main.o(.data)
    p2                                       0x20000070   Data           8  main.o(.data)
    p3                                       0x20000078   Data           8  main.o(.data)
    x_tu                                     0x20000080   Data           8  main.o(.data)
    y                                        0x20000088   Data           8  main.o(.data)
    juli                                     0x20000090   Data           8  main.o(.data)
    duojiz                                   0x20000098   Data           4  main.o(.data)
    xieaibei                                 0x2000009c   Data           4  main.o(.data)
    FLAG                                     0x200000a0   Data           4  main.o(.data)
    flag_2                                   0x200000a4   Data           4  main.o(.data)
    red                                      0x200000a8   Data           4  main.o(.data)
    pp                                       0x200000ac   Data           4  main.o(.data)
    way                                      0x200000b0   Data           4  main.o(.data)
    q                                        0x200000b4   Data           4  main.o(.data)
    zhui_zong_sign                           0x200000b8   Data           4  main.o(.data)
    POINT_COLOR                              0x200000c0   Data           2  lcd.o(.data)
    BACK_COLOR                               0x200000c2   Data           2  lcd.o(.data)
    ov_frame                                 0x200000c8   Data           1  dcmi.o(.data)
    a                                        0x200000cc   Data           4  dcmi.o(.data)
    duoji11                                  0x200000d0   Data           4  timer.o(.data)
    duoji22                                  0x200000d4   Data           4  timer.o(.data)
    duoji33                                  0x200000d8   Data           4  timer.o(.data)
    duoji88                                  0x200000dc   Data           4  timer.o(.data)
    duoji1_kaizhua                           0x200000e0   Data           4  timer.o(.data)
    duoji1_zhua                              0x200000e4   Data           4  timer.o(.data)
    duoji2_zhi                               0x200000e8   Data           4  timer.o(.data)
    duoji3_shuipin                           0x200000ec   Data           4  timer.o(.data)
    duoji3_qi                                0x200000f0   Data           4  timer.o(.data)
    duoji3_zuigao                            0x200000f4   Data           4  timer.o(.data)
    duoji44                                  0x200000f8   Data           4  timer.o(.data)
    duoji55                                  0x200000fc   Data           4  timer.o(.data)
    duoji66                                  0x20000100   Data           4  timer.o(.data)
    duoji77                                  0x20000104   Data           4  timer.o(.data)
    duo8                                     0x20000108   Data           4  timer.o(.data)
    pwm_zq                                   0x2000010c   Data           4  timer.o(.data)
    pwm_zh                                   0x20000110   Data           4  timer.o(.data)
    pwm_yq                                   0x20000114   Data           4  timer.o(.data)
    pwm_yh                                   0x20000118   Data           4  timer.o(.data)
    red1                                     0x2000011c   Data          24  timer.o(.data)
    red2                                     0x20000134   Data          24  timer.o(.data)
    blue2                                    0x2000014c   Data          24  timer.o(.data)
    joint                                    0x20000168   Data           8  timer.o(.data)
    jishu                                    0x20000170   Data           4  timer.o(.data)
    jishu4                                   0x20000174   Data           4  timer.o(.data)
    ff                                       0x20000178   Data           4  timer.o(.data)
    gg                                       0x2000017c   Data           4  timer.o(.data)
    hh                                       0x20000180   Data           4  timer.o(.data)
    kk                                       0x20000184   Data           4  timer.o(.data)
    failed_center                            0x20000188   Data           4  easytrace.o(.data)
    p                                        0x2000018c   Data           4  easytrace.o(.data)
    fail                                     0x20000190   Data           4  easytrace.o(.data)
    x_z                                      0x20000194   Data           4  easytrace.o(.data)
    y_z                                      0x20000198   Data           4  easytrace.o(.data)
    w_z                                      0x2000019c   Data           4  easytrace.o(.data)
    h_z                                      0x200001a0   Data           4  easytrace.o(.data)
    xy                                       0x200001a4   Data           4  easytrace.o(.data)
    zhen                                     0x200001a8   Data           4  easytrace.o(.data)
    mum                                      0x200001ac   Data           4  easytrace.o(.data)
    P                                        0x20000208   Data           8  car.o(.data)
    Kp_balance                               0x20000210   Data           8  car.o(.data)
    kp_wan                                   0x20000218   Data           8  car.o(.data)
    yawcar                                   0x20000220   Data           4  car.o(.data)
    yawcar_1                                 0x20000224   Data           4  car.o(.data)
    pwm                                      0x20000228   Data           4  car.o(.data)
    zq                                       0x2000022c   Data           4  car.o(.data)
    zh                                       0x20000230   Data           4  car.o(.data)
    yq                                       0x20000234   Data           4  car.o(.data)
    yh                                       0x20000238   Data           4  car.o(.data)
    arm1                                     0x20000240   Data           8  robotarm.o(.data)
    arm2                                     0x20000248   Data           8  robotarm.o(.data)
    Angleduo2                                0x20000250   Data           8  robotarm.o(.data)
    angleaim                                 0x20000258   Data           8  robotarm.o(.data)
    jointaim                                 0x20000260   Data           8  robotarm.o(.data)
    jiaodu2                                  0x20000270   Data           8  usart.o(.data)
    andlre                                   0x20000278   Data           8  usart.o(.data)
    y22                                      0x20000280   Data           8  usart.o(.data)
    m10                                      0x20000288   Data           4  usart.o(.data)
    __stdout                                 0x2000028c   Data           4  usart.o(.data)
    USART_RX_STA                             0x20000290   Data           2  usart.o(.data)
    bujin                                    0x20000294   Data           4  usart.o(.data)
    Condition                                0x200002a8   Data          24  main.o(.bss)
    shibie_r_or_g                            0x200002c0   Data          24  main.o(.bss)
    lcddev                                   0x200002d8   Data          14  lcd.o(.bss)
    DCMI_InitStructure                       0x200002e6   Data          14  dcmi.o(.bss)
    USART_RX_BUF                             0x20000304   Data         200  usart.o(.bss)
    __libspace_start                         0x200003cc   Data          96  libspace.o(.bss)
    __temporary_stack_top$libspace           0x2000042c   Data           0  libspace.o(.bss)



==============================================================================

Memory Map of the image

  Image Entry point : 0x08000189

  Load Region LR_IROM1 (Base: 0x08000000, Size: 0x000153c8, Max: 0x00100000, ABSOLUTE, COMPRESSED[0x000151e4])

    Execution Region ER_IROM1 (Base: 0x08000000, Size: 0x00015120, Max: 0x00100000, ABSOLUTE)

    Base Addr    Size         Type   Attr      Idx    E Section Name        Object

    0x08000000   0x00000188   Data   RO          777    RESET               startup_stm32f40_41xxx.o
    0x08000188   0x00000008   Code   RO         1074  * !!!main             c_w.l(__main.o)
    0x08000190   0x00000034   Code   RO         1451    !!!scatter          c_w.l(__scatter.o)
    0x080001c4   0x0000005a   Code   RO         1449    !!dczerorl2         c_w.l(__dczerorl2.o)
    0x0800021e   0x00000002   PAD
    0x08000220   0x0000001c   Code   RO         1453    !!handler_zi        c_w.l(__scatter_zi.o)
    0x0800023c   0x00000000   Code   RO         1067    .ARM.Collect$$_printf_percent$$00000000  c_w.l(_printf_percent.o)
    0x0800023c   0x00000006   Code   RO         1066    .ARM.Collect$$_printf_percent$$00000003  c_w.l(_printf_f.o)
    0x08000242   0x00000006   Code   RO         1065    .ARM.Collect$$_printf_percent$$00000009  c_w.l(_printf_d.o)
    0x08000248   0x00000006   Code   RO         1064    .ARM.Collect$$_printf_percent$$0000000C  c_w.l(_printf_x.o)
    0x0800024e   0x00000004   Code   RO         1165    .ARM.Collect$$_printf_percent$$00000017  c_w.l(_printf_percent_end.o)
    0x08000252   0x00000002   Code   RO         1323    .ARM.Collect$$libinit$$00000000  c_w.l(libinit.o)
    0x08000254   0x00000004   Code   RO         1324    .ARM.Collect$$libinit$$00000001  c_w.l(libinit2.o)
    0x08000258   0x00000000   Code   RO         1327    .ARM.Collect$$libinit$$00000004  c_w.l(libinit2.o)
    0x08000258   0x00000000   Code   RO         1330    .ARM.Collect$$libinit$$0000000A  c_w.l(libinit2.o)
    0x08000258   0x00000000   Code   RO         1332    .ARM.Collect$$libinit$$0000000C  c_w.l(libinit2.o)
    0x08000258   0x00000000   Code   RO         1334    .ARM.Collect$$libinit$$0000000E  c_w.l(libinit2.o)
    0x08000258   0x00000006   Code   RO         1335    .ARM.Collect$$libinit$$0000000F  c_w.l(libinit2.o)
    0x0800025e   0x00000000   Code   RO         1337    .ARM.Collect$$libinit$$00000011  c_w.l(libinit2.o)
    0x0800025e   0x00000000   Code   RO         1339    .ARM.Collect$$libinit$$00000013  c_w.l(libinit2.o)
    0x0800025e   0x00000000   Code   RO         1341    .ARM.Collect$$libinit$$00000015  c_w.l(libinit2.o)
    0x0800025e   0x0000000a   Code   RO         1342    .ARM.Collect$$libinit$$00000016  c_w.l(libinit2.o)
    0x08000268   0x00000000   Code   RO         1343    .ARM.Collect$$libinit$$00000017  c_w.l(libinit2.o)
    0x08000268   0x00000000   Code   RO         1345    .ARM.Collect$$libinit$$00000019  c_w.l(libinit2.o)
    0x08000268   0x00000000   Code   RO         1347    .ARM.Collect$$libinit$$0000001B  c_w.l(libinit2.o)
    0x08000268   0x00000000   Code   RO         1349    .ARM.Collect$$libinit$$0000001D  c_w.l(libinit2.o)
    0x08000268   0x00000000   Code   RO         1351    .ARM.Collect$$libinit$$0000001F  c_w.l(libinit2.o)
    0x08000268   0x00000000   Code   RO         1353    .ARM.Collect$$libinit$$00000021  c_w.l(libinit2.o)
    0x08000268   0x00000000   Code   RO         1355    .ARM.Collect$$libinit$$00000023  c_w.l(libinit2.o)
    0x08000268   0x00000000   Code   RO         1357    .ARM.Collect$$libinit$$00000025  c_w.l(libinit2.o)
    0x08000268   0x00000000   Code   RO         1361    .ARM.Collect$$libinit$$0000002C  c_w.l(libinit2.o)
    0x08000268   0x00000000   Code   RO         1363    .ARM.Collect$$libinit$$0000002E  c_w.l(libinit2.o)
    0x08000268   0x00000000   Code   RO         1365    .ARM.Collect$$libinit$$00000030  c_w.l(libinit2.o)
    0x08000268   0x00000000   Code   RO         1367    .ARM.Collect$$libinit$$00000032  c_w.l(libinit2.o)
    0x08000268   0x00000002   Code   RO         1368    .ARM.Collect$$libinit$$00000033  c_w.l(libinit2.o)
    0x0800026a   0x00000002   Code   RO         1410    .ARM.Collect$$libshutdown$$00000000  c_w.l(libshutdown.o)
    0x0800026c   0x00000000   Code   RO         1420    .ARM.Collect$$libshutdown$$00000003  c_w.l(libshutdown2.o)
    0x0800026c   0x00000000   Code   RO         1423    .ARM.Collect$$libshutdown$$00000006  c_w.l(libshutdown2.o)
    0x0800026c   0x00000000   Code   RO         1426    .ARM.Collect$$libshutdown$$00000009  c_w.l(libshutdown2.o)
    0x0800026c   0x00000000   Code   RO         1428    .ARM.Collect$$libshutdown$$0000000B  c_w.l(libshutdown2.o)
    0x0800026c   0x00000000   Code   RO         1431    .ARM.Collect$$libshutdown$$0000000E  c_w.l(libshutdown2.o)
    0x0800026c   0x00000002   Code   RO         1432    .ARM.Collect$$libshutdown$$0000000F  c_w.l(libshutdown2.o)
    0x0800026e   0x00000000   Code   RO         1154    .ARM.Collect$$rtentry$$00000000  c_w.l(__rtentry.o)
    0x0800026e   0x00000000   Code   RO         1233    .ARM.Collect$$rtentry$$00000002  c_w.l(__rtentry2.o)
    0x0800026e   0x00000006   Code   RO         1245    .ARM.Collect$$rtentry$$00000004  c_w.l(__rtentry4.o)
    0x08000274   0x00000000   Code   RO         1235    .ARM.Collect$$rtentry$$00000009  c_w.l(__rtentry2.o)
    0x08000274   0x00000004   Code   RO         1236    .ARM.Collect$$rtentry$$0000000A  c_w.l(__rtentry2.o)
    0x08000278   0x00000000   Code   RO         1238    .ARM.Collect$$rtentry$$0000000C  c_w.l(__rtentry2.o)
    0x08000278   0x00000008   Code   RO         1239    .ARM.Collect$$rtentry$$0000000D  c_w.l(__rtentry2.o)
    0x08000280   0x00000002   Code   RO         1369    .ARM.Collect$$rtexit$$00000000  c_w.l(rtexit.o)
    0x08000282   0x00000000   Code   RO         1380    .ARM.Collect$$rtexit$$00000002  c_w.l(rtexit2.o)
    0x08000282   0x00000004   Code   RO         1381    .ARM.Collect$$rtexit$$00000003  c_w.l(rtexit2.o)
    0x08000286   0x00000006   Code   RO         1382    .ARM.Collect$$rtexit$$00000004  c_w.l(rtexit2.o)
    0x0800028c   0x00000210   Code   RO            3    .text               system_stm32f4xx.o
    0x0800049c   0x00001464   Code   RO          132    .text               main.o
    0x08001900   0x0000001a   Code   RO          256    .text               stm32f4xx_it.o
    0x0800191a   0x00000002   PAD
    0x0800191c   0x0000005c   Code   RO          283    .text               led.o
    0x08001978   0x00004c80   Code   RO          303    .text               lcd.o
    0x080065f8   0x000000f4   Code   RO          341    .text               key.o
    0x080066ec   0x000002a8   Code   RO          362    .text               dcmi.o
    0x08006994   0x000005e4   Code   RO          387    .text               ov2640.o
    0x08006f78   0x00000274   Code   RO          413    .text               sccb.o
    0x080071ec   0x000004a0   Code   RO          453    .text               timer.o
    0x0800768c   0x00000768   Code   RO          477    .text               easytrace.o
    0x08007df4   0x00000384   Code   RO          505    .text               mpu6050.o
    0x08008178   0x00000d90   Code   RO          525    .text               inv_mpu_dmp_motion_driver.o
    0x08008f08   0x000022c0   Code   RO          557    .text               inv_mpu.o
    0x0800b1c8   0x0000025c   Code   RO          589    .text               myiic.o
    0x0800b424   0x00000b8c   Code   RO          609    .text               car.o
    0x0800bfb0   0x00000ab0   Code   RO          653    .text               robotarm.o
    0x0800ca60   0x00000104   Code   RO          702    .text               delay.o
    0x0800cb64   0x000006b4   Code   RO          742    .text               usart.o
    0x0800d218   0x00000040   Code   RO          778    .text               startup_stm32f40_41xxx.o
    0x0800d258   0x000000e0   Code   RO          784    .text               misc.o
    0x0800d338   0x0000018c   Code   RO          804    .text               stm32f4xx_dcmi.o
    0x0800d4c4   0x00000294   Code   RO          824    .text               stm32f4xx_gpio.o
    0x0800d758   0x000005c8   Code   RO          844    .text               stm32f4xx_fsmc.o
    0x0800dd20   0x000003a8   Code   RO          867    .text               stm32f4xx_dma.o
    0x0800e0c8   0x0000065c   Code   RO          887    .text               stm32f4xx_rcc.o
    0x0800e724   0x00000454   Code   RO          929    .text               stm32f4xx_usart.o
    0x0800eb78   0x00000ca2   Code   RO          949    .text               stm32f4xx_tim.o
    0x0800f81a   0x00000002   Code   RO         1009    .text               c_w.l(use_no_semi_2.o)
    0x0800f81c   0x00000048   Code   RO         1011    .text               c_w.l(llsdiv.o)
    0x0800f864   0x00000018   Code   RO         1015    .text               c_w.l(noretval__2printf.o)
    0x0800f87c   0x0000004e   Code   RO         1019    .text               c_w.l(_printf_pad.o)
    0x0800f8ca   0x00000002   PAD
    0x0800f8cc   0x00000078   Code   RO         1021    .text               c_w.l(_printf_dec.o)
    0x0800f944   0x00000058   Code   RO         1026    .text               c_w.l(_printf_hex_int.o)
    0x0800f99c   0x00000138   Code   RO         1056    .text               c_w.l(__printf_flags_wp.o)
    0x0800fad4   0x00000058   Code   RO         1068    .text               c_w.l(memcmp.o)
    0x0800fb2c   0x00000010   Code   RO         1070    .text               c_w.l(aeabi_memset.o)
    0x0800fb3c   0x00000006   Code   RO         1072    .text               c_w.l(heapauxi.o)
    0x0800fb42   0x00000002   Code   RO         1152    .text               c_w.l(use_no_semi.o)
    0x0800fb44   0x000000ee   Code   RO         1155    .text               c_w.l(lludivv7m.o)
    0x0800fc32   0x00000016   Code   RO         1157    .text               c_w.l(_rserrno.o)
    0x0800fc48   0x000000b2   Code   RO         1159    .text               c_w.l(_printf_intcommon.o)
    0x0800fcfa   0x0000041a   Code   RO         1161    .text               c_w.l(_printf_fp_dec.o)
    0x08010114   0x00000024   Code   RO         1163    .text               c_w.l(_printf_char_file.o)
    0x08010138   0x00000044   Code   RO         1166    .text               c_w.l(rt_memclr.o)
    0x0801017c   0x00000008   Code   RO         1254    .text               c_w.l(rt_locale_intlibspace.o)
    0x08010184   0x00000008   Code   RO         1259    .text               c_w.l(rt_errno_addr_intlibspace.o)
    0x0801018c   0x0000008a   Code   RO         1261    .text               c_w.l(lludiv10.o)
    0x08010216   0x00000002   PAD
    0x08010218   0x00000030   Code   RO         1263    .text               c_w.l(_printf_char_common.o)
    0x08010248   0x00000080   Code   RO         1265    .text               c_w.l(_printf_fp_infnan.o)
    0x080102c8   0x000000dc   Code   RO         1267    .text               c_w.l(bigflt0.o)
    0x080103a4   0x00000008   Code   RO         1292    .text               c_w.l(ferror.o)
    0x080103ac   0x0000004e   Code   RO         1299    .text               c_w.l(rt_memclr_w.o)
    0x080103fa   0x00000002   PAD
    0x080103fc   0x00000008   Code   RO         1305    .text               c_w.l(libspace.o)
    0x08010404   0x0000004a   Code   RO         1308    .text               c_w.l(sys_stackheap_outer.o)
    0x0801044e   0x0000000c   Code   RO         1314    .text               c_w.l(exit.o)
    0x0801045a   0x00000002   PAD
    0x0801045c   0x00000080   Code   RO         1316    .text               c_w.l(strcmpv7m.o)
    0x080104dc   0x0000003e   Code   RO         1270    CL$$btod_d2e        c_w.l(btod.o)
    0x0801051a   0x00000046   Code   RO         1272    CL$$btod_d2e_denorm_low  c_w.l(btod.o)
    0x08010560   0x00000060   Code   RO         1271    CL$$btod_d2e_norm_op1  c_w.l(btod.o)
    0x080105c0   0x00000338   Code   RO         1280    CL$$btod_div_common  c_w.l(btod.o)
    0x080108f8   0x000000c6   Code   RO         1277    CL$$btod_e2e        c_w.l(btod.o)
    0x080109be   0x00000028   Code   RO         1274    CL$$btod_ediv       c_w.l(btod.o)
    0x080109e6   0x00000028   Code   RO         1273    CL$$btod_emul       c_w.l(btod.o)
    0x08010a0e   0x00000244   Code   RO         1279    CL$$btod_mult_common  c_w.l(btod.o)
    0x08010c52   0x00000030   Code   RO         1215    i.__ARM_fpclassify  m_wm.l(fpclassify.o)
    0x08010c82   0x00000006   PAD
    0x08010c88   0x00000358   Code   RO         1112    i.__hardfp_acos     m_wm.l(acos.o)
    0x08010fe0   0x00000360   Code   RO         1126    i.__hardfp_asin     m_wm.l(asin.o)
    0x08011340   0x000002d8   Code   RO         1181    i.__hardfp_atan     m_wm.l(atan.o)
    0x08011618   0x000001f0   Code   RO         1140    i.__hardfp_atan2    m_wm.l(atan2.o)
    0x08011808   0x000000f8   Code   RO         1217    i.__kernel_poly     m_wm.l(poly.o)
    0x08011900   0x00000014   Code   RO         1196    i.__mathlib_dbl_infnan  m_wm.l(dunder.o)
    0x08011914   0x00000014   Code   RO         1197    i.__mathlib_dbl_infnan2  m_wm.l(dunder.o)
    0x08011928   0x00000020   Code   RO         1198    i.__mathlib_dbl_invalid  m_wm.l(dunder.o)
    0x08011948   0x00000020   Code   RO         1201    i.__mathlib_dbl_underflow  m_wm.l(dunder.o)
    0x08011968   0x0000000e   Code   RO         1054    i._is_digit         c_w.l(__printf_wp.o)
    0x08011976   0x00000010   Code   RO         1183    i.atan              m_wm.l(atan.o)
    0x08011986   0x00000018   Code   RO         1211    i.fabs              m_wm.l(fabs.o)
    0x0801199e   0x0000006e   Code   RO         1222    i.sqrt              m_wm.l(sqrt.o)
    0x08011a0c   0x0000002c   Code   RO         1297    locale$$code        c_w.l(lc_numeric_c.o)
    0x08011a38   0x00000018   Code   RO         1168    x$fpl$basic         fz_wm.l(basic.o)
    0x08011a50   0x00000062   Code   RO         1076    x$fpl$d2f           fz_wm.l(d2f.o)
    0x08011ab2   0x00000002   PAD
    0x08011ab4   0x00000150   Code   RO         1078    x$fpl$dadd          fz_wm.l(daddsub_clz.o)
    0x08011c04   0x00000018   Code   RO         1170    x$fpl$dcmpinf       fz_wm.l(dcmpi.o)
    0x08011c1c   0x000002b0   Code   RO         1085    x$fpl$ddiv          fz_wm.l(ddiv.o)
    0x08011ecc   0x0000005e   Code   RO         1088    x$fpl$dfix          fz_wm.l(dfix.o)
    0x08011f2a   0x00000002   PAD
    0x08011f2c   0x0000005a   Code   RO         1092    x$fpl$dfixu         fz_wm.l(dfixu.o)
    0x08011f86   0x0000002e   Code   RO         1097    x$fpl$dflt          fz_wm.l(dflt_clz.o)
    0x08011fb4   0x00000026   Code   RO         1096    x$fpl$dfltu         fz_wm.l(dflt_clz.o)
    0x08011fda   0x00000002   PAD
    0x08011fdc   0x00000078   Code   RO         1102    x$fpl$dleqf         fz_wm.l(dleqf.o)
    0x08012054   0x00000154   Code   RO         1104    x$fpl$dmul          fz_wm.l(dmul.o)
    0x080121a8   0x0000009c   Code   RO         1172    x$fpl$dnaninf       fz_wm.l(dnaninf.o)
    0x08012244   0x0000000c   Code   RO         1174    x$fpl$dretinf       fz_wm.l(dretinf.o)
    0x08012250   0x0000006c   Code   RO         1106    x$fpl$drleqf        fz_wm.l(drleqf.o)
    0x080122bc   0x00000016   Code   RO         1079    x$fpl$drsb          fz_wm.l(daddsub_clz.o)
    0x080122d2   0x00000002   PAD
    0x080122d4   0x00000198   Code   RO         1301    x$fpl$dsqrt         fz_wm.l(dsqrt_umaal.o)
    0x0801246c   0x000001d4   Code   RO         1080    x$fpl$dsub          fz_wm.l(daddsub_clz.o)
    0x08012640   0x00000056   Code   RO         1108    x$fpl$f2d           fz_wm.l(f2d.o)
    0x08012696   0x0000008c   Code   RO         1176    x$fpl$fnaninf       fz_wm.l(fnaninf.o)
    0x08012722   0x0000000a   Code   RO         1377    x$fpl$fpinit        fz_wm.l(fpinit.o)
    0x0801272c   0x0000000a   Code   RO         1178    x$fpl$fretinf       fz_wm.l(fretinf.o)
    0x08012736   0x00000004   Code   RO         1110    x$fpl$printf1       fz_wm.l(printf1.o)
    0x0801273a   0x00000000   Code   RO         1180    x$fpl$usenofp       fz_wm.l(usenofp.o)
    0x0801273a   0x000017c0   Data   RO          305    .constdata          lcd.o
    0x08013efa   0x00000328   Data   RO          388    .constdata          ov2640.o
    0x08014222   0x00000bf6   Data   RO          527    .constdata          inv_mpu_dmp_motion_driver.o
    0x08014e18   0x00000050   Data   RO          558    .constdata          inv_mpu.o
    0x08014e68   0x0000001c   Data   RO          845    .constdata          stm32f4xx_fsmc.o
    0x08014e84   0x00000028   Data   RO         1027    .constdata          c_w.l(_printf_hex_int.o)
    0x08014eac   0x00000011   Data   RO         1057    .constdata          c_w.l(__printf_flags_wp.o)
    0x08014ebd   0x00000003   PAD
    0x08014ec0   0x00000050   Data   RO         1115    .constdata          m_wm.l(acos.o)
    0x08014f10   0x00000050   Data   RO         1129    .constdata          m_wm.l(asin.o)
    0x08014f60   0x00000098   Data   RO         1184    .constdata          m_wm.l(atan.o)
    0x08014ff8   0x00000008   Data   RO         1219    .constdata          m_wm.l(qnan.o)
    0x08015000   0x00000094   Data   RO         1268    .constdata          c_w.l(bigflt0.o)
    0x08015094   0x0000004d   Data   RO          559    .conststring        inv_mpu.o
    0x080150e1   0x00000003   PAD
    0x080150e4   0x00000020   Data   RO         1447    Region$$Table       anon$$obj.o
    0x08015104   0x0000001c   Data   RO         1296    locale$$data        c_w.l(lc_numeric_c.o)


    Execution Region RW_IRAM2 (Base: 0x10000000, Size: 0x00000000, Max: 0x00010000, ABSOLUTE)

    **** No section assigned to this execution region ****


    Execution Region RW_IRAM1 (Base: 0x20000000, Size: 0x00000a30, Max: 0x00020000, ABSOLUTE, COMPRESSED[0x000000c4])

    Base Addr    Size         Type   Attr      Idx    E Section Name        Object

    0x20000000   0x00000014   Data   RW            4    .data               system_stm32f4xx.o
    0x20000014   0x00000004   PAD
    0x20000018   0x000000a8   Data   RW          134    .data               main.o
    0x200000c0   0x00000004   Data   RW          306    .data               lcd.o
    0x200000c4   0x00000001   Data   RW          342    .data               key.o
    0x200000c5   0x00000003   PAD
    0x200000c8   0x00000008   Data   RW          364    .data               dcmi.o
    0x200000d0   0x000000b8   Data   RW          454    .data               timer.o
    0x20000188   0x00000044   Data   RW          478    .data               easytrace.o
    0x200001cc   0x00000035   Data   RW          560    .data               inv_mpu.o
    0x20000201   0x00000007   PAD
    0x20000208   0x00000034   Data   RW          610    .data               car.o
    0x2000023c   0x00000004   PAD
    0x20000240   0x00000028   Data   RW          654    .data               robotarm.o
    0x20000268   0x00000004   Data   RW          703    .data               delay.o
    0x2000026c   0x00000004   PAD
    0x20000270   0x00000028   Data   RW          744    .data               usart.o
    0x20000298   0x00000010   Data   RW          888    .data               stm32f4xx_rcc.o
    0x200002a8   0x00000030   Zero   RW          133    .bss                main.o
    0x200002d8   0x0000000e   Zero   RW          304    .bss                lcd.o
    0x200002e6   0x0000000e   Zero   RW          363    .bss                dcmi.o
    0x200002f4   0x00000010   Zero   RW          526    .bss                inv_mpu_dmp_motion_driver.o
    0x20000304   0x000000c8   Zero   RW          743    .bss                usart.o
    0x200003cc   0x00000060   Zero   RW         1306    .bss                c_w.l(libspace.o)
    0x2000042c   0x00000004   PAD
    0x20000430   0x00000200   Zero   RW          776    HEAP                startup_stm32f40_41xxx.o
    0x20000630   0x00000400   Zero   RW          775    STACK               startup_stm32f40_41xxx.o


==============================================================================

Image component sizes


      Code (inc. data)   RO Data    RW Data    ZI Data      Debug   Object Name

      2956        308          0         52          0       4236   car.o
       680         42          0          8         14       2446   dcmi.o
       260          8          0          4          0       1485   delay.o
      1896         96          0         68          0       5811   easytrace.o
      8896        222        157         53          0      23853   inv_mpu.o
      3472        142       3062          0         16      15255   inv_mpu_dmp_motion_driver.o
       244         14          0          1          0        880   key.o
     19584        174       6080          4         14      22398   lcd.o
        92         18          0          0          0        563   led.o
      5220        410          0        168         48     236308   main.o
       224         20          0          0          0       1865   misc.o
       900         22          0          0          0       4299   mpu6050.o
       604         14          0          0          0       1920   myiic.o
      1508         66        808          0          0       6005   ov2640.o
      2736        142          0         40          0       2841   robotarm.o
       628         12          0          0          0       2051   sccb.o
        64         26        392          0       1536        852   startup_stm32f40_41xxx.o
       396          4          0          0          0       3506   stm32f4xx_dcmi.o
       936         32          0          0          0       6345   stm32f4xx_dma.o
      1480         18         28          0          0       5686   stm32f4xx_fsmc.o
       660         44          0          0          0       4145   stm32f4xx_gpio.o
        26          0          0          0          0       1246   stm32f4xx_it.o
      1628         52          0         16          0      12952   stm32f4xx_rcc.o
      3234         60          0          0          0      22348   stm32f4xx_tim.o
      1108         34          0          0          0       7844   stm32f4xx_usart.o
       528         46          0         20          0      78819   system_stm32f4xx.o
      1184        120          0        184          0       3088   timer.o
      1716        356          0         40        200       4920   usart.o

    ----------------------------------------------------------------------
     62862       2502      10562        680       1828     483967   Object Totals
         0          0         32          0          0          0   (incl. Generated)
         2          0          3         22          0          0   (incl. Padding)

    ----------------------------------------------------------------------

      Code (inc. data)   RO Data    RW Data    ZI Data      Debug   Library Member Name

        90          0          0          0          0          0   __dczerorl2.o
         8          0          0          0          0         68   __main.o
       312          4         17          0          0         92   __printf_flags_wp.o
        14          0          0          0          0         68   __printf_wp.o
         0          0          0          0          0          0   __rtentry.o
        12          0          0          0          0          0   __rtentry2.o
         6          0          0          0          0          0   __rtentry4.o
        52          8          0          0          0          0   __scatter.o
        28          0          0          0          0          0   __scatter_zi.o
        48          6          0          0          0         96   _printf_char_common.o
        36          4          0          0          0         80   _printf_char_file.o
         6          0          0          0          0          0   _printf_d.o
       120         16          0          0          0         92   _printf_dec.o
         6          0          0          0          0          0   _printf_f.o
      1050          0          0          0          0        216   _printf_fp_dec.o
       128         16          0          0          0         84   _printf_fp_infnan.o
        88          4         40          0          0         88   _printf_hex_int.o
       178          0          0          0          0         88   _printf_intcommon.o
        78          0          0          0          0        108   _printf_pad.o
         0          0          0          0          0          0   _printf_percent.o
         4          0          0          0          0          0   _printf_percent_end.o
         6          0          0          0          0          0   _printf_x.o
        22          0          0          0          0        100   _rserrno.o
        16          0          0          0          0         68   aeabi_memset.o
       220          4        148          0          0         96   bigflt0.o
      1910        128          0          0          0        672   btod.o
        12          0          0          0          0         72   exit.o
         8          0          0          0          0         68   ferror.o
         6          0          0          0          0        152   heapauxi.o
        44         10         28          0          0         76   lc_numeric_c.o
         2          0          0          0          0          0   libinit.o
        22          0          0          0          0          0   libinit2.o
         2          0          0          0          0          0   libshutdown.o
         2          0          0          0          0          0   libshutdown2.o
         8          4          0          0         96         68   libspace.o
        72          0          0          0          0         76   llsdiv.o
       138          0          0          0          0         80   lludiv10.o
       238          0          0          0          0        100   lludivv7m.o
        88          0          0          0          0         76   memcmp.o
        24          4          0          0          0         84   noretval__2printf.o
         8          4          0          0          0         68   rt_errno_addr_intlibspace.o
         8          4          0          0          0         68   rt_locale_intlibspace.o
        68          0          0          0          0         68   rt_memclr.o
        78          0          0          0          0         80   rt_memclr_w.o
         2          0          0          0          0          0   rtexit.o
        10          0          0          0          0          0   rtexit2.o
       128          0          0          0          0         68   strcmpv7m.o
        74          0          0          0          0         80   sys_stackheap_outer.o
         2          0          0          0          0         68   use_no_semi.o
         2          0          0          0          0         68   use_no_semi_2.o
        24          0          0          0          0        164   basic.o
        98          4          0          0          0        140   d2f.o
       826         16          0          0          0        492   daddsub_clz.o
        24          0          0          0          0        116   dcmpi.o
       688        140          0          0          0        256   ddiv.o
        94          4          0          0          0        140   dfix.o
        90          4          0          0          0        140   dfixu.o
        84          0          0          0          0        232   dflt_clz.o
       120          4          0          0          0        140   dleqf.o
       340         12          0          0          0        152   dmul.o
       156          4          0          0          0        140   dnaninf.o
        12          0          0          0          0        116   dretinf.o
       108          0          0          0          0        128   drleqf.o
       408         56          0          0          0        168   dsqrt_umaal.o
        86          4          0          0          0        132   f2d.o
       140          4          0          0          0        132   fnaninf.o
        10          0          0          0          0        116   fpinit.o
        10          0          0          0          0        116   fretinf.o
         4          0          0          0          0        116   printf1.o
         0          0          0          0          0          0   usenofp.o
       856        118         80          0          0        288   acos.o
       864         94         80          0          0        280   asin.o
       744        106        152          0          0        352   atan.o
       496         64          0          0          0        192   atan2.o
       104         16          0          0          0        496   dunder.o
        24          0          0          0          0        124   fabs.o
        48          0          0          0          0        124   fpclassify.o
       248          0          0          0          0        152   poly.o
         0          0          8          0          0          0   qnan.o
       110          0          0          0          0        148   sqrt.o

    ----------------------------------------------------------------------
     12324        866        556          0        100       8728   Library Totals
        24          0          3          0          4          0   (incl. Padding)

    ----------------------------------------------------------------------

      Code (inc. data)   RO Data    RW Data    ZI Data      Debug   Library Name

      5484        216        233          0         96       3436   c_w.l
      3322        252          0          0          0       3136   fz_wm.l
      3494        398        320          0          0       2156   m_wm.l

    ----------------------------------------------------------------------
     12324        866        556          0        100       8728   Library Totals

    ----------------------------------------------------------------------

==============================================================================


      Code (inc. data)   RO Data    RW Data    ZI Data      Debug   

     75186       3368      11118        680       1928     481971   Grand Totals
     75186       3368      11118        196       1928     481971   ELF Image Totals (compressed)
     75186       3368      11118        196          0          0   ROM Totals

==============================================================================

    Total RO  Size (Code + RO Data)                86304 (  84.28kB)
    Total RW  Size (RW Data + ZI Data)              2608 (   2.55kB)
    Total ROM Size (Code + RO Data + RW Data)      86500 (  84.47kB)

==============================================================================

